=~=~=~=~=~=~=~=~=~=~=~= PuTTY log 2023.03.16 23:48:58 =~=~=~=~=~=~=~=~=~=~=~=

Format: Log Type - Time(microsec) - Message - Optional Info
Log Type: B - Since Boot(Power On Reset),  D - Delta,  S - Statistic
S - QC_IMAGE_VERSION_STRING=BOOT.BF.3.3.1-00163
S - IMAGE_VARIANT_STRING=HAASANAZA
S - OEM_IMAGE_VERSION_STRING=CRM
S - Boot Config, 0x000002e3
B -       201 - PBL, Start
B -      2736 - bootable_media_detect_entry, Start
B -     30052 - bootable_media_detect_success, Start
B -     30056 - elf_loader_entry, Start
B -     31410 - auth_hash_seg_entry, Start
B -     69475 - auth_hash_seg_exit, Start
B -     84103 - elf_segs_hash_verify_entry, Start
B -    146734 - PBL, End
B -    165676 - SBL1, Start
B -    220057 - GCC [RstStat:0x10, RstDbg:0x600000] WDog Stat : 0x4
B -    226828 - pm_device_init, Start
B -    359351 - PM_SET_VAL:Skip
D -    131851 - pm_device_init, Delta
B -    361791 - pm_driver_init, Start
D -      5215 - pm_driver_init, Delta
B -    368013 - clock_init, Start
D -      2104 - clock_init, Delta
B -    372130 - boot_flash_init, Start
D -      8540 - boot_flash_init, Delta
B -    384452 - boot_config_data_table_init, Start
D -      1037 - boot_config_data_table_init, Delta - (575 Bytes)
B -    392047 - Boot Setting :  0x00000619
B -    395890 - CDT version:2,Platform ID:8,Major ID:1,Minor ID:0,Subtype:18
B -    402813 - sbl1_ddr_set_params, Start
B -    406626 - CPR configuration: 0x30c
B -    410072 - cpr_init, Start
B -    412848 - Rail:0 Mode: 5 Voltage: 784000
B -    418063 - CL CPR settled at 736000mV
B -    420869 - Rail:1 Mode: 5 Voltage: 880000
B -    425139 - Rail:1 Mode: 7 Voltage: 888000
D -     16500 - cpr_init, Delta
B -    431941 - Pre_DDR_clock_init, Start
B -    435936 - Pre_DDR_clock_init, End
B -    439322 - DDR Type : PCDDR4
B -    446093 - do ddr sanity test, Start
D -      1067 - do ddr sanity test, Delta
B -    449814 - DDR: Start of HAL DDR Boot Training
B -    454541 - DDR: End of HAL DDR Boot Training
B -    460245 - DDR: Checksum to be stored on flash is -1511448646
B -    470767 - Image Load, Start
D -    345474 - QSEE Image Loaded, Delta - (1381328 Bytes)
B -    816332 - Image Load, Start
D -       366 - SEC Image Loaded, Delta - (0 Bytes)
B -    823835 - Image Load, Start
D -    288286 - DEVCFG Image Loaded, Delta - (32548 Bytes)
B -   1112213 - Image Load, Start
D -    292861 - RPM Image Loaded, Delta - (93060 Bytes)
B -   1405165 - Image Load, Start
D -    310277 - APPSBL Image Loaded, Delta - (556778 Bytes)
B -   1715564 - QSEE Execution, Start
D -        61 - QSEE Execution, Delta
B -   1721359 - USB D+ check, Start
D -         0 - USB D+ check, Delta
B -   1727764 - SBL1, End
D -   1564375 - SBL1, Delta
S - Flash Throughput, 33605 KB/s  (2064961 Bytes,  61448 us)
S - DDR Frequency, 600 MHz
S - Core 0 Frequency, 1651 MHz



U-Boot 2016.01-v00.04 (May 06 2022 - 14:40:18 +0800)


DRAM:  smem ram ptable found: ver: 1 len: 4

2 GiB

NAND:  Could not find nand-flash in device tree

SF: Unsupported flash IDs: manuf ff, jedec ffff, ext_jedec ffff

ipq_spi: SPI Flash not found (bus/cs/speed/mode) = (0/0/48000000/0)

0 MiB

MMC:   <NULL>: 0 (eMMC)

PCI Link Intialized

In:    serial@78B3000

Out:   serial@78B3000

Err:   serial@78B3000

Console Enable

machid: 8010012

eth0 MAC Address from ART is not valid

eth1 MAC Address from ART is not valid

eth2 MAC Address from ART is not valid

eth3 MAC Address from ART is not valid

eth4 MAC Address from ART is not valid

eth5 MAC Address from ART is not valid

<DBG> autoboot_command

Hit any key to stop autoboot:  1  0 


MMC read: dev # 0, block # 57378, count 40960 ... 40960 blocks read: OK

Verifying... fail

This is the invalid kernel

bootipq - bootipq from flash device



Net:   MAC0 addr:0:3:7f:ba:db:ad

PHY ID1: 0x31c3

PHY ID2: 0x1c13

EDMA ver 1 hw init

Num rings - TxDesc:1 (0-0) TxCmpl:1 (7-7)

RxDesc:1 (15-15) RxFill:1 (7-7)

ipq807x_edma_alloc_rings: successfull

ipq807x_edma_setup_ring_resources: successfull

ipq807x_edma_configure_rings: successfull

ipq807x_edma_hw_init: successfull

eth0

IPQ807x# setenv loadaddr 44000000;setenv ipaddr 192.168.0.10;setenv serverip 192.168.0.1;tftpboot uImage-cr1000a.bin; bootm

ipq807x_eth_halt: done

Phy ops not mapped

Phy ops not mapped

Phy ops not mapped

Phy ops not mapped

Phy ops not mapped

eth0 PHY5 up Speed :1000 Full duplex

ipq807x_eth_init: done

Using eth0 device

TFTP from server 192.168.0.1; our IP address is 192.168.0.10

Filename 'uImage-cr1000a.bin'.

Load address: 0x44000000

Loading: *

Got TFTP_OACK: TFTP remote port: changes from 69 to 60622

#################################################################

	 #################################################################

	 #################################################################

	 #################################################################

	 #################################################################

	 #################################################################

	 #################################################################

	 #################################################################

	 #################################################################

	 #################################################################

	 #################################################################

	 #################################################################

	 ##################

	 4.2 MiB/s

done

Bytes transferred = 11711548 (b2b43c hex)

ipq807x_eth_halt: done

## Loading kernel from FIT Image at 44000000 ...

   Using 'conf-1' configuration

   Verifying Hash Integrity ... OK

   Trying 'kernel' kernel subimage

     Description:  ARM64 OpenWrt Linux-4.4.60

     Type:         Kernel Image

     Compression:  gzip compressed

     Data Start:   0x440000ec

     Data Size:    11625637 Bytes = 11.1 MiB

     Architecture: AArch64

     OS:           Linux

     Load Address: 0x41080000

     Entry Point:  0x41080000

     Hash algo:    crc32

     Hash value:   fe2896cb

     Hash algo:    sha1

     Hash value:   e3efa2d352d4e835f00de5ec0b07dfa15ebee344

   Verifying Hash Integrity ... crc32+ sha1+ OK

## Loading fdt from FIT Image at 44000000 ...

   Using 'conf-1' configuration

   Trying 'fdt-1' fdt subimage

     Description:  ARM64 OpenWrt qcom-ipq807x-hkxx device tree blob

     Type:         Flat Device Tree

     Compression:  uncompressed

     Data Start:   0x44b166d8

     Data Size:    84004 Bytes = 82 KiB

     Architecture: AArch64

     Hash algo:    crc32

     Hash value:   6e00589d

     Hash algo:    sha1

     Hash value:   6fa8c35ff47b36d68878f00bfa4f964d1e07bb4a

   Verifying Hash Integrity ... crc32+ sha1+ OK

   Booting using the fdt blob at 0x44b166d8

   Uncompressing Kernel Image ... OK

   Loading Device Tree to 4a3e8000, end 4a3ff823 ... OK

Using machid 0x8010012 from environment


Starting kernel ...


Jumping to AARCH64 kernel via monitor

[    0.000000] Booting Linux on physical CPU 0x0
[    0.000000] Initializing cgroup subsys cpuset
[    0.000000] Initializing cgroup subsys cpu
[    0.000000] Initializing cgroup subsys cpuacct
[    0.000000] Linux version 4.4.60 (chunpin_shao@dockerbuild) (gcc version 5.2.0 (OpenWrt GCC 5.2.0 026c532+r49254) ) #2 SMP PREEMPT Thu May 12 04:10:41 UTC 2022
[    0.000000] Boot CPU: AArch64 Processor [410fd034]
[    0.000000] Ignoring memory range 0x40000000 - 0x41000000
[    0.000000] Machine: Qualcomm Technologies, Inc. IPQ807x/AP-HK14
[    0.000000] efi: Getting EFI parameters from FDT:
[    0.000000] efi: UEFI not found.
[    0.000000] Reserved memory: created DMA memory pool at 0x0000000054800000, size 24 MiB
[    0.000000] Reserved memory: initialized node dma_pool0@54800000, compatible id shared-dma-pool
[    0.000000] psci: probing for conduit method from DT.
[    0.000000] psci: PSCIv1.0 detected in firmware.
[    0.000000] psci: Using standard PSCI v0.2 function IDs
[    0.000000] psci: MIGRATE_INFO_TYPE not supported.
[    0.000000] PERCPU: Embedded 15 pages/cpu @ffffffc07ef48000 s20864 r8192 d32384 u61440
[    0.000000] Detected VIPT I-cache on CPU0
[    0.000000] CPU features: enabling workaround for ARM erratum 845719
[    0.000000] Built 1 zonelists in Zone order, mobility grouping on.  Total pages: 464688
[    0.000000] Kernel command line: console=ttyMSM0,115200n8 vmalloc=900M cnss2.bdf_pci0=0xa4 root=PARTUUID=726de7d6-3fbb-8755-1cbe-68409ea2a227 gpt rootwait swiotlb=1 coherent_pool=2M vmalloc=700M cnss2.bdf_pci0=0xa4
[    0.000000] PID hash table entries: 4096 (order: 3, 32768 bytes)
[    0.000000] Dentry cache hash table entries: 262144 (order: 9, 2097152 bytes)
[    0.000000] Inode-cache hash table entries: 131072 (order: 8, 1048576 bytes)
[    0.000000] software IO TLB [mem 0xbfe00000-0xbfe40000] (0MB) mapped at [ffffffc07ee00000-ffffffc07ee3ffff]
[    0.000000] Memory: 1834196K/1888256K available (5868K kernel code, 652K rwdata, 2432K rodata, 7488K init, 532K bss, 54060K reserved, 0K cma-reserved)
[    0.000000] Virtual kernel memory layout:
[    0.000000]     vmalloc : 0xffffff8000000000 - 0xffffffbdbfff0000   (   246 GB)
[    0.000000]     vmemmap : 0xffffffbdc0000000 - 0xffffffbfc0000000   (     8 GB maximum)
[    0.000000]               0xffffffbdc0040000 - 0xffffffbdc2000000   (    31 MB actual)
[    0.000000]     fixed   : 0xffffffbffa7fd000 - 0xffffffbffac00000   (  4108 KB)
[    0.000000]     PCI I/O : 0xffffffbffae00000 - 0xffffffbffbe00000   (    16 MB)
[    0.000000]     modules : 0xffffffbffc000000 - 0xffffffc000000000   (    64 MB)
[    0.000000]     memory  : 0xffffffc000000000 - 0xffffffc07f000000   (  2032 MB)
[    0.000000]       .init : 0xffffffc00089d000 - 0xffffffc000fed000   (  7488 KB)
[    0.000000]       .text : 0xffffffc000080000 - 0xffffffc00089d000   (  8308 KB)
[    0.000000]       .data : 0xffffffc000ffc000 - 0xffffffc00109f200   (   653 KB)
[    0.000000] SLUB: HWalign=64, Order=0-3, MinObjects=0, CPUs=4, Nodes=1
[    0.000000] Preemptible hierarchical RCU implementation.
[    0.000000] 	Build-time adjustment of leaf fanout to 64.
[    0.000000] NR_IRQS:64 nr_irqs:64 0
[    0.000000] Architected cp15 timer(s) running at 19.20MHz (virt).
[    0.000000] clocksource: arch_sys_counter: mask: 0xffffffffffffff max_cycles: 0x46d987e47, max_idle_ns: 440795202767 ns
[    0.000005] sched_clock: 56 bits at 19MHz, resolution 52ns, wraps every 4398046511078ns
[    0.000435] Calibrating delay loop (skipped), value calculated using timer frequency.. 38.40 BogoMIPS (lpj=192000)
[    0.000447] pid_max: default: 32768 minimum: 301
[    0.000542] Mount-cache hash table entries: 4096 (order: 3, 32768 bytes)
[    0.000552] Mountpoint-cache hash table entries: 4096 (order: 3, 32768 bytes)
[    0.001127] Initializing cgroup subsys io
[    0.001144] Initializing cgroup subsys memory
[    0.001169] Initializing cgroup subsys devices
[    0.001181] Initializing cgroup subsys freezer
[    0.001191] Initializing cgroup subsys net_cls
[    0.001202] Initializing cgroup subsys net_prio
[    0.001212] Initializing cgroup subsys pids
[    0.001449] EFI services will not be available.
[    0.001468] ASID allocator initialised with 65536 entries
[    0.052059] MSM Memory Dump base table set up
[    0.052080] MSM Memory Dump apps data table set up
[    0.090080] Detected VIPT I-cache on CPU1
[    0.090124] CPU1: Booted secondary processor [410fd034]
[    0.120071] Detected VIPT I-cache on CPU2
[    0.120100] CPU2: Booted secondary processor [410fd034]
[    0.150098] Detected VIPT I-cache on CPU3
[    0.150125] CPU3: Booted secondary processor [410fd034]
[    0.150178] Brought up 4 CPUs
[    0.150205] SMP: Total of 4 processors activated.
[    0.150215] CPU: All CPU(s) started at EL1
[    0.150239] alternatives: patching kernel code
[    0.150722] devtmpfs: initialized
[    0.168310] clocksource: jiffies: mask: 0xffffffff max_cycles: 0xffffffff, max_idle_ns: 19112604462750000 ns
[    0.168339] futex hash table entries: 1024 (order: 5, 131072 bytes)
[    0.168694] pinctrl core: initialized pinctrl subsystem
[    0.169617] NET: Registered protocol family 16
[    0.200048] cpuidle: using governor ladder
[    0.230066] cpuidle: using governor menu
[    0.230281] NET: Registered protocol family 42
[    0.230419] vdso: 2 pages (1 code @ ffffffc001001000, 1 data @ ffffffc001000000)
[    0.230450] hw-breakpoint: found 6 breakpoint and 4 watchpoint registers.
[    0.231103] DMA: preallocated 2048 KiB pool for atomic allocations
[    0.231285] CPU: IPQ8072A, SoC Version: 2.0
[    0.231710] IPC logging disabled
[    0.231716] IPC logging disabled
[    0.231721] IPC logging disabled
[    0.231726] IPC logging disabled
[    0.231730] IPC logging disabled
[    0.234347] Soc version is not 1, changing clock offsets
[    0.245797] irq: no irq domain found for /soc/smp2p-wcss/slave-kernel !
[    0.248457] irq: no irq domain found for /soc/smp2p-wcss/slave-kernel !
[    0.251816] sps:sps is ready.
[    0.258142] spmi spmi-0: PMIC Arb Version-2 (0x20010000)
[    0.264825] qcom,cpr4-apss-regulator b018000.cpr4-ctrl: CPR valid fuse count: 4
[    0.302071] pps_core: LinuxPPS API ver. 1 registered
[    0.302078] pps_core: Software ver. 5.3.6 - Copyright 2005-2007 Rodolfo Giometti <giometti@linux.it>
[    0.302102] PTP clock support registered
[    0.303510] Advanced Linux Sound Architecture Driver Initialized.
[    0.304216] clocksource: Switched to clocksource arch_sys_counter
[    0.307800] NET: Registered protocol family 2
[    0.308417] TCP established hash table entries: 16384 (order: 5, 131072 bytes)
[    0.308617] TCP bind hash table entries: 16384 (order: 6, 262144 bytes)
[    0.308979] TCP: Hash tables configured (established 16384 bind 16384)
[    0.309038] UDP hash table entries: 1024 (order: 3, 32768 bytes)
[    0.309102] UDP-Lite hash table entries: 1024 (order: 3, 32768 bytes)
[    0.309314] NET: Registered protocol family 1
[    5.728826] hw perfevents: enabled with armv8_cortex_a53 PMU driver, 7 counters available
[    5.739029] squashfs: version 4.0 (2009/01/31) Phillip Lougher
[    5.739048] jffs2: version 2.2 (NAND) (SUMMARY) (LZMA) (RTIME) (CMODE_PRIORITY) (c) 2001-2006 Red Hat, Inc.
[    5.742636] Key type asymmetric registered
[    5.742652] Asymmetric key parser 'x509' registered
[    5.742684] io scheduler noop registered
[    5.742698] io scheduler deadline registered (default)
[    5.744932] 20000000.pci supply vdda not found, using dummy regulator
[    5.744977] 20000000.pci supply vdda_phy not found, using dummy regulator
[    5.745014] 20000000.pci supply vdda_refclk not found, using dummy regulator
[    5.745618] PCI host bridge /soc/pci@20000000 ranges:
[    5.745645]    IO 0x20200000..0x2020ffff -> 0x20200000
[    5.745659]   MEM 0x20220000..0x2fffffff -> 0x20220000
[    5.995757] qcom-pcie 20000000.pci: link up
[    5.995906] qcom-pcie 20000000.pci: PCI host bridge to bus 0000:00
[    5.995919] pci_bus 0000:00: root bus resource [bus 00-ff]
[    5.995933] pci_bus 0000:00: root bus resource [io  0x0000-0xffff] (bus address [0x20200000-0x2020ffff])
[    5.995943] pci_bus 0000:00: root bus resource [mem 0x20220000-0x2fffffff]
[    5.996259] pci 0000:00:00.0: bridge configuration invalid ([bus 00-00]), reconfiguring
[    5.997182] pci 0000:00:00.0: BAR 8: assigned [mem 0x20400000-0x205fffff]
[    5.997197] pci 0000:00:00.0: BAR 9: assigned [mem 0x20600000-0x207fffff 64bit pref]
[    5.997211] pci 0000:00:00.0: BAR 0: assigned [mem 0x20220000-0x20220fff 64bit]
[    5.997226] pci 0000:00:00.0: BAR 7: assigned [io  0x1000-0x1fff]
[    5.997242] pci 0000:01:00.0: BAR 0: assigned [mem 0x20400000-0x205fffff 64bit]
[    5.997290] pci 0000:00:00.0: PCI bridge to [bus 01]
[    5.997301] pci 0000:00:00.0:   bridge window [io  0x1000-0x1fff]
[    5.997312] pci 0000:00:00.0:   bridge window [mem 0x20400000-0x205fffff]
[    5.997323] pci 0000:00:00.0:   bridge window [mem 0x20600000-0x207fffff 64bit pref]
[    5.997377] PCIe: RC0 enabled during bootup
[    5.997591] 10000000.pci supply vdda not found, using dummy regulator
[    5.997635] 10000000.pci supply vdda_phy not found, using dummy regulator
[    5.997673] 10000000.pci supply vdda_refclk not found, using dummy regulator
[    5.998214] PCI host bridge /soc/pci@10000000 ranges:
[    5.998238]    IO 0x10200000..0x1020ffff -> 0x10200000
[    5.998255]   MEM 0x10220000..0x1fffffff -> 0x10220000
[    7.144282] qcom-pcie 10000000.pci: phy link never came up
[    7.144416] qcom-pcie 10000000.pci: PCI host bridge to bus 0001:00
[    7.144428] pci_bus 0001:00: root bus resource [bus 00-ff]
[    7.144441] pci_bus 0001:00: root bus resource [io  0x10000-0x1ffff] (bus address [0x10200000-0x1020ffff])
[    7.144451] pci_bus 0001:00: root bus resource [mem 0x10220000-0x1fffffff]
[    7.144743] pci 0001:00:00.0: bridge configuration invalid ([bus 00-00]), reconfiguring
[    7.144887] pci 0001:00:00.0: BAR 0: assigned [mem 0x10220000-0x10220fff 64bit]
[    7.144904] pci 0001:00:00.0: PCI bridge to [bus 01]
[    7.144938] PCIe: RC1 enabled during bootup
[    7.149321] msm_rpm_log_probe: OK
[    7.149641] msm-dcc b3000.dcc: DCC XPU is not specified
[    7.149971] msm-dcc b3000.dcc: jiffies_64: 0xffff8d9a, cntvct_64: 0x251d3f41
[    7.149984] msm-dcc b3000.dcc: gcnt_hi: 0x00000000(0xffffff8000596004)
[    7.149994] msm-dcc b3000.dcc: gcnt_lo: 0x251d4131(0xffffff8000596000)
[    7.150572] TZ SMMU State: SMMU Stage2 Enabled
[    7.150628] TZ Log : Will warn on Access Violation, as paniconaccessviolation is not set
[    7.152258] msm_serial 78b3000.serial: msm_serial: detected port #0
[    7.152296] msm_serial 78b3000.serial: uartclk = 3686400
[    7.152331] 78b3000.serial: ttyMSM0 at MMIO 0x78b3000 (irq = 78, base_baud = 230400) is a MSM
[    7.152354] msm_serial: console setup on port #0
[    8.101318] console [ttyMSM0] enabled
[    8.106328] msm_serial: driver initialized
[    8.109801] msm_serial_hsl_init: driver initialized
[    8.123260] brd: module loaded
[    8.127968] loop: module loaded
[    8.128563] spi_qup 78b5000.spi: IN:block:16, fifo:64, OUT:block:16, fifo:64
[    8.130612] spi_qup 78b9000.spi: IN:block:16, fifo:64, OUT:block:16, fifo:64
[    8.138885] m25p80 spi32766.0: unrecognized JEDEC id bytes: ff, ff, ff
[    8.145085] libphy: Fixed MDIO Bus: probed
[    8.371104] qca-mdio 90000.mdio: Could not find phy-reset-gpio
[    8.371216] libphy: qca_mdio: probed
[    8.376635] qca-mdio 90000.mdio: qca-mdio driver was registered
[    8.379699] Unable to create IPC log context!
[    8.385473] Skip QCA8074V1 in V2 platform
[    8.389941] cnss[2]: INFO: Platform driver probed successfully. plat ffffffc079980018 tgt 0xfffe
[    8.393888] cnss[27]: INFO: Platform driver probed successfully. plat ffffffc079990018 tgt 0x1104
[    8.402809] i2c /dev entries driver
[    8.444751] device-mapper: ioctl: 4.34.0-ioctl (2015-10-28) initialised: dm-devel@redhat.com
[    8.444800] device-mapper: req-crypt: dm-req-crypt successfully initalized.
[    8.444800] 
[    8.452699] sdhci: Secure Digital Host Controller Interface driver
[    8.460688] sdhci: Copyright(c) Pierre Ossman
[    8.466677] sdhci-pltfm: SDHCI platform and OF driver helper
[    8.471607] qcom_ice_get_pdevice: invalid device list
[    8.476837] sdhci_msm 7824900.sdhci: sdhci_msm_ice_get_dev: ICE device not probed yet
[    8.481772] sdhci_msm 7824900.sdhci: sdhci_msm_probe: required ICE device not probed yet err = -517
[    8.490290] qcom_ice_get_device_tree_data: No vdd-hba-supply regulator, assuming not needed
[    8.498508] ICE IRQ = 82
[    8.507892] sps_register_bam_device : unable to create IPC Logging 0 for bam 0x0000000008b04000
[    8.509550] sps_register_bam_device : unable to create IPC Logging 1 for bam 0x0000000008b04000sps_register_bam_device : unable to create IPC Logging 2 for bam 0x0000000008b04000
[    8.526659] sps_register_bam_device : unable to create IPC Logging 3 for bam 0x0000000008b04000sps_register_bam_device : unable to create IPC Logging 4 for bam 0x0000000008b04000
[    8.542546] sps:BAM 0x0000000008b04000 is registered.[    8.552326] remoteproc remoteproc0: releasing cd00000.qcom_q6v5_wcss
[    8.555825] SPMI VADC - Min ch: 0 Max ch: 15
[    8.563030] of_graph_get_next_endpoint(): no port node found in /soc/csr@6001000
[    8.565553] coresight-csr 6001000.csr: CSR initialized
[    8.572977] of_graph_get_next_endpoint(): no port node found in /soc/cti@6010000
[    8.577950] of_graph_get_next_endpoint(): no port node found in /soc/cti@6011000
[    8.585498] of_graph_get_next_endpoint(): no port node found in /soc/cti@6012000
[    8.592853] of_graph_get_next_endpoint(): no port node found in /soc/cti@6013000
[    8.600262] of_graph_get_next_endpoint(): no port node found in /soc/cti@6014000
[    8.607633] of_graph_get_next_endpoint(): no port node found in /soc/cti@6015000
[    8.615005] of_graph_get_next_endpoint(): no port node found in /soc/cti@6016000
[    8.622367] of_graph_get_next_endpoint(): no port node found in /soc/cti@6017000
[    8.629761] of_graph_get_next_endpoint(): no port node found in /soc/cti@6018000
[    8.637140] of_graph_get_next_endpoint(): no port node found in /soc/cti@6019000
[    8.644518] of_graph_get_next_endpoint(): no port node found in /soc/cti@601a000
[    8.651876] of_graph_get_next_endpoint(): no port node found in /soc/cti@601b000
[    8.659270] of_graph_get_next_endpoint(): no port node found in /soc/cti@601c000
[    8.666651] of_graph_get_next_endpoint(): no port node found in /soc/cti@601d000
[    8.674013] of_graph_get_next_endpoint(): no port node found in /soc/cti@601e000
[    8.681402] of_graph_get_next_endpoint(): no port node found in /soc/cti@601f000
[    8.688791] of_graph_get_next_endpoint(): no port node found in /soc/cti@6198000
[    8.696173] of_graph_get_next_endpoint(): no port node found in /soc/cti@6199000
[    8.703540] of_graph_get_next_endpoint(): no port node found in /soc/cti@619a000
[    8.710942] of_graph_get_next_endpoint(): no port node found in /soc/cti@619b000
[    8.718322] of_graph_get_next_endpoint(): no port node found in /soc/cti@610c000
[    8.725830] sps_register_bam_device : unable to create IPC Logging 0 for bam 0x0000000006044000
[    8.732900] sps_register_bam_device : unable to create IPC Logging 1 for bam 0x0000000006044000sps_register_bam_device : unable to create IPC Logging 2 for bam 0x0000000006044000
[    8.750009] sps_register_bam_device : unable to create IPC Logging 3 for bam 0x0000000006044000sps_register_bam_device : unable to create IPC Logging 4 for bam 0x0000000006044000
[    8.765893] sps:BAM 0x0000000006044000 is registered.[    8.773713] coresight-tmc 6028000.tmc: TMC initialized
[    8.778383] coresight-tmc 6027000.tmc: TMC initialized
[    8.783481] coresight-funnel 6021000.funnel: FUNNEL initialized
[    8.788526] coresight-funnel 6100000.funnel: FUNNEL initialized
[    8.794338] coresight-funnel 6120000.funnel: FUNNEL initialized
[    8.800231] coresight-funnel 6130000.funnel: FUNNEL initialized
[    8.806155] coresight-funnel 61a1000.funnel: FUNNEL initialized
[    8.812539] coresight-etm4x 619c000.etm: ETM 4.0 initialized
[    8.818193] coresight-etm4x 619d000.etm: ETM 4.0 initialized
[    8.824093] coresight-etm4x 619e000.etm: ETM 4.0 initialized
[    8.829755] coresight-etm4x 619f000.etm: ETM 4.0 initialized
[    8.835167] coresight-replicator-qcom 6026000.replicator: REPLICATOR 1.0 initialized
[    8.840934] coresight-stm 6002000.stm: STM initialized
[    8.849469] of_graph_get_next_endpoint(): no port node found in /soc/hwevent@6101000
[    8.853314] coresight-hwevent 6101000.hwevent: Hardware Event driver initialized
[    8.863866] Netfilter messages via NETLINK v0.30.
[    8.868528] nf_tables: (c) 2007-2009 Patrick McHardy <kaber@trash.net>
[    8.873109] ip_set: protocol 6
[    8.880553] NET: Registered protocol family 10
[    8.883217] NET: Registered protocol family 17
[    8.887040] bridge: automatic filtering via arp/ip/ip6tables has been deprecated. Update your scripts to load br_netfilter if you need this.
[    8.891439] Bridge firewalling registered
[    8.904554] 8021q: 802.1Q VLAN Support v1.8
[    8.909949] Key type encrypted registered
[    8.912537] qcom,cpr4-apss-regulator b018000.cpr4-ctrl: CPR valid fuse count: 4
[    8.916451] pmd9655_s3: supplied by e-smps1-reg
[    8.923499] cpr4_ipq807x_apss_read_fuse_data: apc_corner: speed bin = 0
[    8.927893] cpr4_ipq807x_apss_read_fuse_data: apc_corner: CPR fusing revision = 1
[    8.934523] cpr4_ipq807x_apss_read_fuse_data: apc_corner: CPR misc fuse value = 0
[    8.942123] cpr4_ipq807x_apss_read_fuse_data: apc_corner: Voltage boost fuse config = 0 boost = disable
[    8.949660] cpr3_mem_acc_init: apc: not using memory accelerator regulator
[    8.958794] cpr4_ipq807x_apss_calculate_open_loop_voltages: apc_corner: fused      SVS: open-loop= 704000 uV
[    8.965739] cpr4_ipq807x_apss_calculate_open_loop_voltages: apc_corner: fused      NOM: open-loop= 808000 uV
[    8.975720] cpr4_ipq807x_apss_calculate_open_loop_voltages: apc_corner: fused    TURBO: open-loop= 864000 uV
[    8.985516] cpr4_ipq807x_apss_calculate_open_loop_voltages: apc_corner: fused   STURBO: open-loop= 944000 uV
[    8.995385] cpr4_ipq807x_apss_calculate_target_quotients: apc_corner: fused      SVS: quot[ 7]= 757, quot_offset[ 7]=   0
[    9.005142] cpr4_ipq807x_apss_calculate_target_quotients: apc_corner: fused      NOM: quot[ 7]= 960, quot_offset[ 7]= 200
[    9.015987] cpr4_ipq807x_apss_calculate_target_quotients: apc_corner: fused    TURBO: quot[ 7]=1056, quot_offset[ 7]=  95
[    9.026926] cpr4_ipq807x_apss_calculate_target_quotients: apc_corner: fused   STURBO: quot[ 7]=1207, quot_offset[ 7]= 150
[    9.037989] cpr3_regulator_init_ctrl: apc: Default CPR mode = closed-loop
[    9.050018] cpufreq: cpufreq_online: CPU0: Running at unlisted freq: 800000 KHz
[    9.055702] cpufreq: cpufreq_online: CPU0: Unlisted initial frequency changed to: 1017600 KHz
[    9.063210] qcom_ice_get_pdevice: found ice device ffffffc079998600
[    9.071370] qcom_ice_get_pdevice: matching platform device ffffffc07c781400
[    9.077462] sdhci_msm 7824900.sdhci: No vreg data found for vdd
[    9.084372] sdhci_msm 7824900.sdhci: No vreg data found for vdd-io
[    9.090418] qcom_ice 7803000.sdcc1ice: QC ICE 2.1.44 device found @0xffffff8000f68000
[    9.097573] sdhci_msm 7824900.sdhci: No vmmc regulator found
[    9.104423] sdhci_msm 7824900.sdhci: No vqmmc regulator found
[    9.154216] mmc0: SDHCI controller on 7824900.sdhci [7824900.sdhci] using ADMA 64-bit
[    9.159581] qcom-q6v5-wcss-pil cd00000.qcom_q6v5_wcss: ssr registeration success qcom_q6v5_wcss
[    9.161055] remoteproc remoteproc0: cd00000.qcom_q6v5_wcss is a
Mounting...
Inserting required module...
Press the [f] key and hit [enter] to enter failsafe mode
Press the [1], [2], [3] or [4] key and hit [enter] to select the debug level
Before mount_root
Decrypt backup partition at background
After mount_root
Get key fail, ERROR: Device /dev/mmcblk0p20 is not a valid LUKS device.
Check CRC of APPSBLENV
PASS
Check CRC of BACKUP_DB
PASS
Comparing CRC is different
Restored source:/dev/mmcblk0p29, destination:/dev/mmcblk0p14
262144+0 records in
262144+0 records out
262144 bytes (256.0KB) copied, 0.507850 seconds, 504.1KB/s
Restored Done
[   16.609149] init: Console is alive
[   16.609223] init: - watchdog -
[   17.251160] kmodloader: loading kernel modules from /etc/modules-boot.d/*
[   17.271018] usbcore: registered new interface driver usbfs
[   17.271059] usbcore: registered new interface driver hub
[   17.275488] usbcore: registered new device driver usb
[   17.281871] Button Hotplug driver version 0.4.1
[   17.286448] ipq807x-pinctrl 1000000.pinctrl: pin GPIO_44 already requested by 90000.mdio; cannot claim for soc:gpio_keys
[   17.290156] ipq807x-pinctrl 1000000.pinctrl: pin-44 (soc:gpio_keys) status -22
[   17.301289] ipq807x-pinctrl 1000000.pinctrl: could not request pin 44 (GPIO_44) from group gpio44  on device 1000000.pinctrl
[   17.308328] gpio-keys soc:gpio_keys: Error applying setting, reverse things back
[   17.321841] SCSI subsystem initialized
[   17.331580] ehci_hcd: USB 2.0 'Enhanced' Host Controller (EHCI) Driver
[   17.331902] ehci-platform: EHCI generic platform driver
[   17.343956] msm-usb-ssphy-qmp 78000.ssphy: Initializing QMP phy
[   17.350745] msm-usb-ssphy-qmp 78000.ssphy: QMP PHY initialization timeout
[   17.350766] msm-usb-ssphy-qmp 78000.ssphy: USB3_PHY_PCS_STATUS:68686868
[   17.557603] msm-usb-ssphy-qmp 58000.ssphy: Initializing QMP phy
[   17.565062] msm-usb-ssphy-qmp 58000.ssphy: QMP PHY initialization timeout
[   17.565083] msm-usb-ssphy-qmp 58000.ssphy: USB3_PHY_PCS_STATUS:68686868
[   17.773184] xhci-hcd xhci-hcd.0.auto: xHCI Host Controller
[   17.773218] xhci-hcd xhci-hcd.0.auto: new USB bus registered, assigned bus number 1
[   17.777739] xhci-hcd xhci-hcd.0.auto: hcc params 0x0220fe65 hci version 0x110 quirks 0x00010010
[   17.785144] xhci-hcd xhci-hcd.0.auto: irq 211, io mem 0x08a00000
[   17.794130] hub 1-0:1.0: USB hub found
[   17.800053] hub 1-0:1.0: 1 port detected
[   17.803737] xhci-hcd xhci-hcd.0.auto: xHCI Host Controller
[   17.807701] xhci-hcd xhci-hcd.0.auto: new USB bus registered, assigned bus number 2
[   17.812997] usb usb2: We don't know the algorithms for LPM for this host, disabling LPM.
[   17.820753] hub 2-0:1.0: USB hub found
[   17.828865] hub 2-0:1.0: 1 port detected
[   17.832567] xhci-hcd xhci-hcd.1.auto: xHCI Host Controller
[   17.836507] xhci-hcd xhci-hcd.1.auto: new USB bus registered, assigned bus number 3
[   17.841911] xhci-hcd xhci-hcd.1.auto: hcc params 0x0220fe65 hci version 0x110 quirks 0x00010010
[   17.849373] xhci-hcd xhci-hcd.1.auto: irq 212, io mem 0x08c00000
[   17.858260] hub 3-0:1.0: USB hub found
[   17.864285] hub 3-0:1.0: 1 port detected
[   17.867942] xhci-hcd xhci-hcd.1.auto: xHCI Host Controller
[   17.871913] xhci-hcd xhci-hcd.1.auto: new USB bus registered, assigned bus number 4
[   17.877238] usb usb4: We don't know the algorithms for LPM for this host, disabling LPM.
[   17.884981] hub 4-0:1.0: USB hub found
[   17.893095] hub 4-0:1.0: 1 port detected
[   17.899522] usbcore: registered new interface driver usb-storage
[   17.901213] usbcore: registered new interface driver uas
[   17.906815] kmodloader: done loading kernel modules from /etc/modules-boot.d/*
[   17.919078] init: - preinit -
Press the [f] key and hit [enter] to enter failsafe mode
Press the [1], [2], [3] or [4] key and hit [enter] to select the debug level
Before mount_root
mount_root is overwritten
After mount_root
131072+0 records in
131072+0 records out
ln: /lib/firmware/IPQ8074/caldata.bin: No such file or directory
104448+0 records in
104448+0 records out
Size of caldata_1.bin = 104448 bytes.
26624+0 records in
26624+0 records out
[   21.536258] urandom-seed: Seed file not found (/etc/urandom.seed)
### append zero data ###
ln: /lib/firmware/qcn9000/caldata_1.bin: No such file or directory
### ap-hk14 ### 
[   21.570404] procd: - early -
[   21.570439] procd: - watchdog -
[   22.167996] procd: - watchdog -
[   22.168100] procd: - ubus -
[   22.197002] random: ubusd: uninitialized urandom read (4 bytes read, 46 bits of entropy available)
[   22.230387] random: ubusd: uninitialized urandom read (4 bytes read, 46 bits of entropy available)
[   22.322878] random: ubusd: uninitialized urandom read (4 bytes read, 46 bits of entropy available)
[   22.322992] random: ubusd: uninitialized urandom read (4 bytes read, 46 bits of entropy available)
[   22.330771] random: ubusd: uninitialized urandom read (4 bytes read, 46 bits of entropy available)
[   22.339718] random: ubusd: uninitialized urandom read (4 bytes read, 46 bits of entropy available)
[   22.348618] random: ubusd: uninitialized urandom read (4 bytes read, 46 bits of entropy available)
[   22.357584] random: ubusd: uninitialized urandom read (4 bytes read, 46 bits of entropy available)
[   22.366530] random: ubusd: uninitialized urandom read (4 bytes read, 46 bits of entropy available)
[   22.375516] procd: - init -
Please press Enter to activate this console.
procd: - rcS /etc/rc.d/S00arc_deviceup -
[   24.812449] EXT4-fs (dm-1): couldn't mount as ext3 due to feature incompatibilities
[   24.873071] EXT4-fs (dm-1): recovery complete
[   24.873695] EXT4-fs (dm-1): mounted filesystem with ordered data mode. Opts: (null)
procd: - rcS /etc/rc.d/S00arc_led -
[   25.942294] random: jshn: uninitialized urandom read (4 bytes read, 50 bits of entropy available)
procd: - rcS /etc/rc.d/S00wifi_fw_mount -
 WIFI FW mount is successful
wifi_fw_mount: HW_ID:0.0.7
wifi_fw_mount: symbolic link 2.4G and 5G boarddata with golden_v2.b294
Size of caldata_1.bin = 104448 bytes.
### append zero data ###
### ap-hk14 ### 
procd: - rcS /etc/rc.d/S01timer -
procd: - rcS /etc/rc.d/S02sys_cpu_monitor -
procd: - rcS /etc/rc.d/S08boot-ftm -
timer: service start (main.266)
procd: - rcS /etc/rc.d/S08qrtr -
procd: - rcS /etc/rc.d/S09disableBT -
[   26.646376] disable BT
procd: - rcS /etc/rc.d/S09qca-iot -
procd: - rcS /etc/rc.d/S10boot -
/usr/bin/iotd[1292]: Started iot daemon
[   26.691448] kmodloader: loading kernel modules from /etc/modules.d/*
[   26.970419] random: nonblocking pool is initialized
[   27.353867] 
[   27.353867] Loaded tz app Module Successfully!
[   27.353909] 
[   27.353909] Loaded Sec Key Module Successfully!
[   27.358616] 
[   27.358616] Loaded RSA Sec Key Module Successfully!
[   27.376620] ntfs: driver 2.1.32 [Flags: R/O MODULE].
[   27.379861] Initializing XFRM netlink socket
[   27.381134] NET: Registered protocol family 15
[   27.477690] ssdk_switch_device_num_init[1159]:INFO:ess-switch dts node number: 1
[   27.477753] ssdk_dt_get_switch_node[970]:INFO:ess-switch DT exist!
[   27.484155] ssdk_dt_parse_access_mode[856]:INFO:switch_access_mode: local bus
[   27.490162] ssdk_dt_parse_access_mode[869]:INFO:switchreg_base_addr: 0x3a000000
[   27.497350] ssdk_dt_parse_access_mode[870]:INFO:switchreg_size: 0x1000000
[   27.504465] ssdk_dt_parse_mac_mode[295]:INFO:mac mode = 0x0
[   27.511405] ssdk_dt_parse_mac_mode[304]:INFO:mac mode1 = 0xe
[   27.516788] ssdk_dt_parse_mac_mode[313]:INFO:mac mode2 = 0xd
[   27.522687] ssdk_dt_parse_phy_info[577]:INFO:qcom,port_phyinfo DT doesn't exist!
[   27.528345] ssdk_dt_parse_mdio[709]:INFO:mdio DT exist!
[   27.535732] ssdk_dt_parse_uniphy[332]:INFO:ess-uniphy DT exist!
[   27.540853] ssdk_plat_init start
[   27.625913] ssdk_gcc_clock_init[1011]:INFO:SSDK gcc clock init successfully!
[   27.626087] ssdk_probe[1997]:INFO:ess_rst doesn't exist!
[   27.632564] HPPE initializing...
[   27.637402] ssdk_phy_driver_init[330]:INFO:dev_id = 0, phy_adress = 0, phy_id = 0xffffffff phytype doesn't match
[   27.640562] ssdk_phy_driver_init[330]:INFO:dev_id = 0, phy_adress = 1, phy_id = 0xffffffff phytype doesn't match
[   27.650750] ssdk_phy_driver_init[330]:INFO:dev_id = 0, phy_adress = 2, phy_id = 0xffffffff phytype doesn't match
[   27.660902] ssdk_phy_driver_init[330]:INFO:dev_id = 0, phy_adress = 3, phy_id = 0xffffffff phytype doesn't match
[   27.671069] aquantia_phy_api_ops_init[2187]:INFO:qca probe aquantia phy driver succeeded!
[   27.681585] sfp_phy_init[197]:INFO:sfp phy init for port 0x20!
[   27.700817] sfp_phy_probe[49]:INFO:sfp phy is probed!
[   27.700879] regi_init[3526]:INFO:Initializing HPPE!!
[   27.924216] ssdk_ppe_reset_init[1243]:INFO:ppe reset successfully!
[   27.927243] qca_hppe_tdm_hw_init[674]:INFO:tdm setup num=96
[   27.929556] qca_hppe_portctrl_hw_init[105]:INFO:Hawkeye PPE port initializing
[   30.034243] ssdk_switch_register[1691]:INFO:Chip version 0x1500
[   30.034272] qca_link_polling_select[1307]:INFO:link-polling-required node does not exist
[   30.038958] ssdk_switch_register[1717]:INFO:polling is selected
[   30.047295] regi_init[3530]:INFO:Initializing HPPE Done!!
[   30.052983] regi_init[3590]:INFO:qca-ssdk module init succeeded!
[   30.070646] tun: Universal TUN/TAP device driver, 1.6
[   30.070669] tun: (C) 1999-2004 Max Krasnyansky <maxk@qualcomm.com>
[   30.077604] EDMA ver 1 hw init
[   30.080958] EDMA HW Reset completed succesfully
[   30.083813] Num rings - TxDesc:1 (23-23) TxCmpl:1 (7-7)
[   30.088233] RxDesc:1 (15-15) RxFill:1 (7-7)
[   30.093830] GMAC5(ffffffc07bac1880) Invalid MAC@ - using 22:f1:99:1d:1d:1a
[   30.098215] GMAC6(ffffffc07bac5880) Invalid MAC@ - using aa:4a:f1:a6:98:24
[   30.105393] **********************************************************
[   30.111390] * NSS Data Plane driver
[   30.117993] **********************************************************
[   30.128999] l2tp_core: L2TP core driver, V2.0
[   30.129598] l2tp_netlink: L2TP netlink interface
[   30.193222] qca-nss 39000000.nss: Direct firmware load for qca-nss0.bin failed with error -2
[   30.193252] qca-nss 39000000.nss: Falling back to user helper
/lib/firmware/qca-nss0.bin 33
[   30.331597] nss_driver - fw of size 792268  bytes copied to load addr: 40000000, nss_id : 0
[   30.333161] Supported Frequencies - 
[   30.338778] 748.8 MHz 1.4976 GHz 
[   30.344734] 1.6896 GHz [   30.345768] 
[   30.348165] ffffffbffc780b00: set sdma ffffffc07962de00
[   30.349669] ffffffbffc780b00: meminfo init succeed
[   30.371625] qca-nss 39400000.nss: Direct firmware load for qca-nss1.bin failed with error -2
[   30.371656] qca-nss 39400000.nss: Falling back to user helper
[   30.382924] node size 2 # items 4
[   30.384769] memory: 40000000 2147483648 (avl 1923338240) items 4 active_cores 2
[   30.388067] addr/size storage words 2 2 # words 4 in DTS, ddr size 1000000
[   30.395189] ffffffbffc780b00: nss core 0 booted successfully
/lib/firmware/qca-nss1.bin 33
[   30.429676] nss_driver - fw of size 291696  bytes copied to load addr: 40800000, nss_id : 1
[   30.430548] Supported Frequencies - 
[   30.436891] 748.8 MHz 1.4976 GHz 
[   30.442815] 1.6896 GHz [   30.443848] 
[   30.446278] ffffffbffc787a80: set sdma ffffffc077075e00
[   30.447731] ffffffbffc787a80: meminfo init succeed
[   30.455660] sit: IPv6 over IPv4 tunneling driver
[   30.457521] node size 2 # items 4
[   30.457523] memory: 40000000 2147483648 (avl 1923715072) items 4 active_cores 2
[   30.457528] addr/size storage words 2 2 # words 4 in DTS, ddr size 1000000
[   30.457538] ffffffbffc787a80: nss core 1 booted successfully
[   30.481894] nat46: module (version 8ff2ae59ec9840a7b8b45f976c51cae80abe0226) loaded.
[   30.487918] gre: GRE over IPv4 demultiplexor driver
[   30.493892] ip_gre: GRE over IPv4 tunneling driver
[   30.499254] ip6_gre: GRE over IPv6 tunneling driver
[   30.504864] Ethernet Channel Bonding Driver: v3.7.1 (April 27, 2011)
[   30.511701] ip6_tables: (C) 2000-2006 Netfilter Core Team
[   30.517733] rmnet_nss_init(): initializing rmnet_nss
[   30.523975] nf_conntrack version 0.5.0 (16384 buckets, 65536 max)
[   30.527703] =========Fan5646 LED Driver========
[   30.534106] QCA Hy-Fi multicast installation successfully
[   30.540230] PPP generic driver version 2.4.2
[   30.542090] nss_lag_init[352]:LAG Manager Installed
[   30.546394] NET: Registered protocol family 24
[   30.551890] PPTP driver version 0.8.5
[   30.560276] diag: IPC Logging disabled
[   30.590795] TRACK: P[0]	PMask[4]
[   30.590816] TRACK: P[1]	PMask[4]
[   30.593117] TRACK: P[2]	PMask[4]
[   30.597542] TRACK: P[3]	PMask[4]
[   30.599595] nik 4097 info->svc_id
[   30.604996] QCA multicast snooping installed successfully
[   30.607311] <NSS-CRYPTO>:module loaded Build_ID - 05/12/22, 03:56:13 SoC=ipq807x_64
[   30.612925] cannot find nss-macsec0 node
[   30.619010] cannot find nss-macsec1 node
[   30.623149] cannot find nss-macsec2 node
[   30.626956] nss_macsec init success
[   30.645758] nss_nl_init[503]:NSS Netlink manager loaded: Build Id: 05/12/22, 04:06:14
[   30.645786] nss_nl_init[521]:attaching family:nss_nlipv4
[   30.652640] nss_nlipv4_init[949]:Init NSS netlink IPv4 handler
[   30.658055] nss_nl_init[521]:attaching family:nss_nlipsec
[   30.663605] nss_nlipsec_init[705]:Init NSS netlink IPsec handler
[   30.669151] nss_nl_init[521]:attaching family:nss_nloam
[   30.675264] nss_nl_init[521]:attaching family:nss_nlipv6
[   30.680154] nss_nlipv6_init[954]:Init NSS netlink IPV6 handler
[   30.685704] nss_nl_init[521]:attaching family:nss_nlgre_redir
[   30.691312] nss_nlgre_redir_family_init[37]:Init NSS netlink gre_redir handler
[   30.697187] nss_nl_init[516]:skipping family:nss_nlcapwap
[   30.705629] nss_nl_init[517]:valid = 0, entry = 0
[   30.721280] nss_nl_init[516]:skipping family:nss_nldtls
[   30.721303] nss_nl_init[517]:valid = 0, entry = 0
[   30.725472] nss_nl_init[521]:attaching family:nss_nlethrx
[   30.744243] nss_nlethrx_init[129]:Init NSS netlink eth_rx handler
[   30.744299] nss_nl_init[521]:attaching family:nss_nledma
[   30.749311] nss_nledma_init[134]:Init NSS netlink Edma handler
[   30.754864] nss_nl_init[521]:attaching family:nss_nldyna
[   30.760552] nss_nldynamic_interface_init[129]:Init NSS netlink dynamic_interface handler
[   30.765911] nss_nl_init[521]:attaching family:nss_nln2h
[   30.773874] nss_nln2h_init[129]:Init NSS netlink n2h handler
[   30.778873] nss_nl_init[521]:attaching family:nss_nlc2c_tx
[   30.784776] nss_nlc2c_tx_init[129]:Init NSS netlink c2c_tx handler
[   30.790049] nss_nl_init[521]:attaching family:nss_nlc2c_rx
[   30.796209] nss_nlc2c_rx_init[129]:Init NSS netlink c2c_rx handler
[   30.801669] nss_nl_init[521]:attaching family:nss_ipv4_rsm
[   30.807859] nss_nlipv4_reasm_init[129]:Init NSS netlink ipv4_reasm handler
[   30.813305] nss_nl_init[521]:attaching family:nss_ipv6_rsm
[   30.820166] nss_nlipv6_reasm_init[129]:Init NSS netlink ipv6_reasm handler
[   30.825658] nss_nl_init[521]:attaching family:nss_nlwifili
[   30.832693] nss_nlwifili_init[130]:Init NSS netlink wifili handler
[   30.838005] nss_nl_init[521]:attaching family:nss_nllso_rx
[   30.844101] nss_nllso_rx_init[130]:Init NSS netlink lso_rx handler
[   30.849614] nss_nl_init[521]:attaching family:nss_nlmap_t
[   30.855750] nss_nlmap_t_init[130]:Init NSS netlink map_t handler
[   30.861220] nss_nl_init[521]:attaching family:nss_nlpppoe
[   30.867310] nss_nlpppoe_init[130]:Init NSS netlink pppoe handler
[   30.872599] nss_nl_init[521]:attaching family:nss_nll2tpv2
[   30.878678] nss_nll2tpv2_init[130]:Init NSS netlink l2tpv2 handler
[   30.883967] nss_nl_init[521]:attaching family:nss_nlpptp
[   30.890132] nss_nlpptp_init[130]:Init NSS netlink pptp handler
[   30.895611] nss_nl_init[521]:attaching family:nss_nludp_st
[   30.901218] nss_nludp_st_init[1232]:Init NSS netlink udp_st handler
[   30.911965] u32 classifier
[   30.912843]     input device check on
[   30.915655]     Actions configured
[   30.920497] Mirror/redirect action on
[   30.936001] fuse init (API version 7.23)
[   30.940923] arp_tables: (C) 2002 David S. Miller
[   30.950676] Ebtables v2.0 registered
[   30.952198] ip_tables: (C) 2000-2006 Netfilter Core Team
[   30.959210] l2tp_ppp: PPPoL2TP kernel driver, V2.0
[   30.976968] ctnetlink v0.93: registering with nfnetlink.
[   30.979308] nf_conntrack_rtsp v0.7 loading
[   31.247562] nf_nat_rtsp v0.7 loading
[   31.250954] PPP MPPE Compression module registered
[   31.252858] usbcore: registered new interface driver usblp
[   31.270909] xt_time: kernel timezone is -0000
[   31.280418] kmodloader: done loading kernel modules from /etc/modules.d/*
qcawifi configuration is disable
[   35.551383] mem_manager: module license 'Proprietary' taints kernel.
[   35.551407] Disabling lock debugging due to kernel taint
[   35.888949] wlan: [2416:I:RPTR] qca_multi_link_init_module: 
[   35.888949] ******QCA Repeater Initialization Done***********
[   35.888949] 
***** starting cnssdaemon  -i integrated -i pci0 *****
*****cnssdaemon pid=2483*********
[   36.979618] cnss[27]: INFO: Setting daemon_support=1 for instance_id 0x27
[   36.998630] cnss[2]: INFO: Setting daemon_support=1 for instance_id 0x2
[   37.006009] cnss[27]: INFO: Setting cold_boot_support=1 for instance_id 0x27
[   37.025307] cnss[2]: INFO: Setting cold_boot_support=1 for instance_id 0x2
*********initiating cold boot calibration*************
[   37.193985] wlan: [2565:I:ANY] =======ol_if_register_wifi3_0==========
[   37.193985] 
[   37.194020] wlan: [2565:I:ANY] osif_nss_register_module: NSS wifi ops registered for target_type:1 with soc_ops:ffffffbffd5aea68
[   37.200829] wlan: [2565:I:ANY] ol_ath_wifi_ssr: ol_ath_wifi_ssr: SSR event 2 bus_type 1
[   37.212613] remoteproc remoteproc0: powering up cd00000.qcom_q6v5_wcss
[   37.229972] remoteproc remoteproc0: Booting fw image IPQ8074/q6_fw.mdt, size 668
[   37.944367] Subsystem error monitoring/handling services are up
[   37.944642] remoteproc remoteproc0: remote processor cd00000.qcom_q6v5_wcss is now up
[   37.945114] rpmsg_dev_probe: No pm domain
[   37.945277] rpmsg_dev_probe: No pm domain
[   37.946270] cnss[2]: INFO: QMI WLFW service connected, state: 0x1
[   37.946435] cnss[2]: INFO: device_id : 65534 mem mode : [0]
[   37.946651] cnss[2]: INFO: platform name: Qualcomm Technologies, Inc. IPQ807x/AP-HK14
[   37.946651] diag: In diag_send_feature_mask_update, control channel is not open, p: 2, ffffffbffc9df248
[   37.984586] wlan: [2565:I:ANY] ol_ath_wifi_ssr: ol_ath_wifi_ssr: SSR event 3 bus_type 1
[   37.993726] cnss[2]: INFO: Waiting for FW ready. Device: 0xfffe, FW ready timeout: 15 seconds
[   38.032821] cnss[2]: INFO: Target capability: chip_id: 0x0, chip_family: 0x0, board_id: 0xff, soc_id: 0xffffffff, fw_version: 0x240604a5, fw_build_timestamp: 2021-07-12 19:41, otp_version: 0x0 eeprom_caldata_read_timeout 0s
[   38.032892] cnss[2]: INFO: Boardid from dts:294,FW:ff
[   38.051870] cnss[2]: INFO: BDF location : 0x4b0c0000
[   38.056678] cnss[2]: INFO: BDF IPQ8074/bdwlan.b294 size 131072
[   38.062161] cnss[2]: INFO: per device BDF location : 0x4b0e0000
[   38.067445] cnss[2]: INFO: CALDATA IPQ8074/caldata.bin size 131072 offset 0x20000
[   38.104216] cnss[2]: INFO: FW ready received for device 0xfffe
[   38.105223] wlan: [2565:I:ANY] pld_ahb_wlan_enable: cnss_mode: Cold boot calibration
[   38.108935] cnss[2]: INFO: Sending mode message, mode: COLDBOOT CALIBRATION(7), state: 0xf
[   38.195189] wlan: [2565:I:ANY] ol_ath_wifi_ssr: ol_ath_wifi_ssr: SSR event 2 bus_type 0
[   38.195422] cnss_pci 0000:01:00.0: BAR 0: assigned [mem 0x20400000-0x205fffff 64bit]
[   38.202068] cnss_pci 0000:01:00.0: enabling device (0000 -> 0002)
[   38.210453] cnss[27]: ERR: Unable to create CNSS MHI IPC log context
[   38.687440] wlan: [2565:I:ANY] ol_ath_wifi_ssr: ol_ath_wifi_ssr: SSR event 3 bus_type 0
[   38.687483] cnss[27]: INFO: Waiting for FW ready. Device: 0x1104, FW ready timeout: 15 seconds
[   38.695558] cnss[27]: INFO: QMI WLFW service connected, state: 0x11
[   38.703476] cnss[27]: INFO: device_id : 4356 mem mode : [0]
[   38.709172] cnss[27]: INFO: platform name: Qualcomm Technologies, Inc. IPQ807x/AP-HK14
[   38.770598] cnss[27]: INFO: Target capability: chip_id: 0x0, chip_family: 0x0, board_id: 0xff, soc_id: 0xffffffff, fw_version: 0x240c7fff, fw_build_timestamp: 2021-05-24 20:30, otp_version: 0x0 eeprom_caldata_read_timeout 0s
[   38.776092] cnss[27]: INFO: Downloading BDF: qcn9000/bdwlan.ba4, size: 131072
[   38.805328] cnss[27]: INFO: Downloading BDF: qcn9000/caldata_1.bin, size: 131072
[   38.914222] cnss[27]: INFO: FW ready received for device 0x1104
[   38.914266] wlan: [2565:I:ANY] pld_pcie_wlan_enable: pld_pcie_wlan_enable: Invalid wlan_cfg config
[   38.918948] cnss[27]: INFO: Sending mode message, mode: COLDBOOT CALIBRATION(7), state: 0x1f
[   39.018686] wlan: [2565:I:ANY] init_ath_pci_3_0: 6ath_ol_pci_wifi3.0 :  (Atheros/multi-bss)
[   39.025206] wlan: [2575:I:ANY] ol_ath_wifi_ssr: ol_ath_wifi_ssr: SSR event 0 bus_type 1
[   39.026261] cnss[2]: INFO: Coldboot Calbration wait started for Device: 0xfffe, timeout: 60 seconds
[   44.259870] cnss[2]: INFO: Coldboot Calibration completed successfully for device 0xfffe
[   44.304250] cnss[2]: INFO: Coldboot Calibration wait ended for device 0xfffe
[   44.304284] cnss[2]: INFO: Sending mode message, mode: OFF(4), state: 0x7
[   44.312072] cnss[2]: INFO: QMI WLFW service disconnected, state: 0x6
[   44.343211] remoteproc remoteproc0: stopped remote processor cd00000.qcom_q6v5_wcss
[   44.343335] wlan: [2575:I:ANY] ol_ath_wifi_ssr: ol_ath_wifi_ssr: SSR event 1 bus_type 1
[   44.384242] wlan: [2575:I:ANY] ol_ath_wifi_ssr: ol_ath_wifi_ssr: SSR event 0 bus_type 0
[   44.384276] cnss[27]: INFO: Coldboot Calbration wait started for Device: 0x1104, timeout: 60 seconds
[   59.790382] cnss[27]: INFO: Coldboot Calibration completed successfully for device 0x1104
[   59.894227] cnss[27]: INFO: Coldboot Calibration wait ended for device 0x1104
[   59.894262] cnss[27]: INFO: Sending mode message, mode: OFF(4), state: 0x127
[   59.903162] cnss[27]: INFO: QMI WLFW service disconnected, state: 0x126
[   59.903164] cnss[27]: INFO: Shutting down QCN9000
[   59.903316] Removing device for chan:LOOPBACK
[   59.903321] mhi_reset_data_chan rp           (null) wp           (null)
[   59.903325] mhi_reset_data_chan rp           (null) wp           (null)
[   59.903418] Removing device for chan:DIAG
[   59.903421] mhi_reset_data_chan rp ffffff800bc66000 wp ffffff800bc66120
[   59.903442] mhi_reset_data_chan rp ffffff800bc64000 wp ffffff800bc64000
[   59.903485] Removing device for chan:IPCR
[   59.903487] mhi_reset_data_chan rp ffffff800bc6a1b0 wp ffffff800bc6a1a0
[   59.903602] mhi_reset_data_chan rp ffffff800bc68140 wp ffffff800bc68150
[   59.994275] wlan: [2575:I:ANY] ol_ath_wifi_ssr: ol_ath_wifi_ssr: SSR event 1 bus_type 0
[   60.235726] wlan: [2585:I:ANY] =======ol_if_register_wifi3_0==========
[   60.235726] 
[   60.235761] wlan: [2585:I:ANY] osif_nss_register_module: NSS wifi ops registered for target_type:1 with soc_ops:ffffffbffd7fea68
[   60.242556] wlan: [2585:I:ANY] ol_ath_wifi_ssr: ol_ath_wifi_ssr: SSR event 2 bus_type 1
[   60.254379] remoteproc remoteproc0: powering up cd00000.qcom_q6v5_wcss
[   60.262144] remoteproc remoteproc0: Booting fw image IPQ8074/q6_fw.mdt, size 668
[   60.624934] Subsystem error monitoring/handling services are up
[   60.625219] remoteproc remoteproc0: remote processor cd00000.qcom_q6v5_wcss is now up
[   60.625667] rpmsg_dev_probe: No pm domain
[   60.625875] rpmsg_dev_probe: No pm domain
[   60.641748] cnss[2]: INFO: QMI WLFW service connected, state: 0x1
[   60.641788] wlan: [2585:I:ANY] ol_ath_wifi_ssr: ol_ath_wifi_ssr: SSR event 3 bus_type 1
[   60.641801] cnss[2]: INFO: Waiting for FW ready. Device: 0xfffe, FW ready timeout: 15 seconds
[   60.659929] cnss[2]: INFO: device_id : 65534 mem mode : [0]
[   60.668242] cnss[2]: INFO: platform name: Qualcomm Technologies, Inc. IPQ807x/AP-HK14
[   60.674350] cnss[2]: INFO: Target capability: chip_id: 0x0, chip_family: 0x0, board_id: 0xff, soc_id: 0xffffffff, fw_version: 0x240604a5, fw_build_timestamp: 2021-07-12 19:41, otp_version: 0x0 eeprom_caldata_read_timeout 0s
[   60.682283] cnss[2]: INFO: Boardid from dts:294,FW:ff
[   60.702380] cnss[2]: INFO: BDF location : 0x4b0c0000
[   60.706428] cnss[2]: INFO: BDF IPQ8074/bdwlan.b294 size 131072
[   60.711828] cnss[2]: INFO: per device BDF location : 0x4b0e0000
[   60.717164] cnss[2]: INFO: CALDATA IPQ8074/caldata.bin size 131072 offset 0x20000
[   60.744217] cnss[2]: INFO: FW ready received for device 0xfffe
[   60.744614] wlan: [2585:I:ANY] pld_ahb_wlan_enable: cnss_mode: Mission mode 
[   60.749109] cnss[2]: INFO: Sending mode message, mode: MISSION(0), state: 0x7
[   60.765187] wlan: [2585:I:ANY] qca_napi_create: qca_napi_create: napi instance 0 created on pipe 4
[   60.765385] wlan: [2585:I:ANY] __ol_ath_attach: Allocated soc ffffffc074680880
[   60.773077] wlan: [2585:D:dfs] WLAN_DEBUG_DFS1 : dfs_psoc_obj_create_notification: DFS obj attach to psoc successfully
[   60.780667] wlan: [2585:I:ANY] osif_nss_wifi_soc_setup: nss register id -1 nss config 0 Target Type 18 
[   60.790938] wlan: [2585:I:ANY] __ol_ath_attach: dev name soc0
[   60.800359] wlan: [2585:I:ANY] ol_ath_soc_attach: WMI attached. wmi_handle ffffffc075a26000 
[   60.814296] wlan: [2585:I:MBSSIE] ol_ath_sanitize_ema_vendor_ie_config: vendor_ie_size: 0 ven_ie_size_nibble: 3
[   60.814615] wlan: [2585:I:MBSSIE] ol_ath_sanitize_ema_vendor_ie_config: vendor_ie_size: 0 ven_ie_size_nibble: 3
[   60.824429] wlan: [2585:I:MBSSIE] ol_ath_sanitize_ema_vendor_ie_config: vendor_ie_size: 0 ven_ie_size_nibble: 3
[   60.834496] wlan: [2585:I:MBSSIE] ol_ath_sanitize_ema_vendor_ie_config: vendor_ie_size: 0 ven_ie_size_nibble: 3
[   60.844565] wlan: [2585:I:MBSSIE] ol_ath_sanitize_ema_vendor_ie_config: vendor_ie_size: 0 ven_ie_size_nibble: 3
[   60.854635] wlan: [2585:I:MBSSIE] ol_ath_sanitize_ema_vendor_ie_config: vendor_ie_size: 0 ven_ie_size_nibble: 3
[   60.864703] wlan: [2585:I:MBSSIE] ol_ath_sanitize_ema_vendor_ie_config: vendor_ie_size: 0 ven_ie_size_nibble: 3
[   60.874773] wlan: [2585:I:MBSSIE] ol_ath_sanitize_ema_vendor_ie_config: vendor_ie_size: 0 ven_ie_size_nibble: 3
[   60.884849] wlan: [2585:I:MBSSIE] ol_ath_sanitize_ema_vendor_ie_config: vendor_ie_size: 0 ven_ie_size_nibble: 3
[   60.894912] wlan: [2585:I:MBSSIE] ol_ath_sanitize_ema_vendor_ie_config: vendor_ie_size: 0 ven_ie_size_nibble: 3
[   60.904982] wlan: [2585:I:MBSSIE] ol_ath_sanitize_ema_vendor_ie_config: vendor_ie_size: 0 ven_ie_size_nibble: 3
[   60.915052] wlan: [2585:I:MBSSIE] ol_ath_sanitize_ema_vendor_ie_config: vendor_ie_size: 0 ven_ie_size_nibble: 3
[   60.925120] wlan: [2585:I:MBSSIE] ol_ath_sanitize_ema_vendor_ie_config: vendor_ie_size: 0 ven_ie_size_nibble: 3
[   60.935190] wlan: [2585:I:MBSSIE] ol_ath_sanitize_ema_vendor_ie_config: vendor_ie_size: 0 ven_ie_size_nibble: 3
[   60.945260] wlan: [2585:I:MBSSIE] ol_ath_sanitize_ema_vendor_ie_config: vendor_ie_size: 0 ven_ie_size_nibble: 3
[   60.955352] wlan: [2585:I:ANY] htc_wmi_init: HT Create . ffffffc06ffa3000
[   60.965393] wlan: [2585:I:ANY] htc_wmi_init: Skipping BMI Done
[   60.972332] wlan: [2585:I:ANY] htc_wmi_init: host_enable 0 nss_nwifi_offload 0
[   60.994376] wlan: [2585:I:ANY] ol_target_init_complete: CDP soc attach success
[   60.994406] wlan: [2585:I:ANY] ol_target_init_complete: Soc attach success NSS config 0 
[   61.000602] wlan: [2585:I:ANY] htc_set_async_ep: htc_set_async_ep: htc_handle ffffffc06ffa3000, ep 2, value 1
[   61.008795] wlan: [2585:I:ANY] htc_set_async_ep: htc_set_async_ep: htc_handle ffffffc06ffa3000, ep 3, value 1
[   61.018588] wlan: [2585:I:ANY] htc_set_async_ep: htc_set_async_ep: htc_handle ffffffc06ffa3000, ep 4, value 1
[   61.028841] wlan: [2564:I:TIF] init_deinit_populate_hw_mode_capability: Preferred mode is not set, use mode id 1
[   61.028841] 
[   61.038401] wlan: [2564:I:TIF] HE_CAP Info = 9a18010d
[   61.049967] wlan: [2564:I:TIF] Num HW modes = 1
[   61.054998] wlan: [2564:I:TIF] Num PHY = 2
[   61.059334] wlan: [2564:I:TIF] FW Build Version (Ext.) = 0
[   61.063504] wlan: [2564:I:TIF] HDL Version: MajorVersion.MinorVersion = 0.0
[   61.068982] wlan: [2564:I:TIF] Preferred HW Mode = 1 Num Radios = 2
[   61.075860] wlan: [2564:I:TIF] init_deinit_add_11ax_modes: hw_mode_id = 1 phy_id = 0 wireless modes = f97f9001
[   61.082090] wlan: [2564:I:TIF] init_deinit_add_11ax_modes: hw_mode_id = 1 phy_id = 1 wireless modes = 680688c
[   61.093139] wlan: [2564:I:TIF] init_deinit_alloc_pdevs: CDP PDEV ATTACH success
[   61.103015] wlan: [2564:I:TIF] init_deinit_alloc_pdevs: CDP PDEV ATTACH success
[   61.109284] wlan: [2564:I:TIF] init_deinit_get_total_num_ema_vaps: num_radios: 2
[   61.116553] wlan: [2564:I:TIF] init_deinit_get_total_num_ema_vaps: ema_max_vap_cnt: 0
[   61.124187] wlan: [2564:I:TIF] init_deinit_get_total_num_vdevs_for_soc: num_vdevs: 34
[   61.131920] wlan: [2564:I:TIF] init_deinit_get_total_num_ema_vaps: num_radios: 2
[   61.139728] wlan: [2564:I:TIF] init_deinit_get_total_num_ema_vaps: ema_max_vap_cnt: 0
[   61.147194] wlan: [2564:I:TIF] init_deinit_get_total_num_vdevs_for_soc: num_vdevs: 34
[   61.154923] wlan: [2564:I:TIF] init_deinit_get_total_beaconing_vdevs_for_soc: beacon_tx_offload_max_vdev: 32
[   61.162732] wlan: [2564:I:TIF] init_deinit_get_total_num_ema_vaps: num_radios: 2
[   61.172627] wlan: [2564:I:TIF] init_deinit_get_total_num_ema_vaps: ema_max_vap_cnt: 0
[   61.180058] wlan: [2564:I:TIF] init_deinit_get_total_num_vdevs_for_soc: num_vdevs: 34
[   61.187733] wlan: [2564:I:TIF] init_deinit_get_total_num_ema_vaps: num_radios: 1
[   61.195543] wlan: [2564:I:TIF] init_deinit_get_total_num_ema_vaps: ema_max_vap_cnt: 0
[   61.203005] wlan: [2564:I:TIF] init_deinit_get_total_num_vdevs_for_soc: num_vdevs: 17
[   61.210739] wlan: [2564:I:ANY] init_deinit_update_pdev_tgt_info: pdev id:0 wmi_handle:ffffffc075a26000
[   61.219187] wlan: [2564:F:DP] dp_rx_enable_mon_dest_frag: Feature DP_RX_MON_MEM_FRAG for mon_dest is enabled
[   61.234940] wlan: [2564:I:ANY] init_deinit_update_pdev_tgt_info: Pdev = 0 Number of peers = 529 vdevs = 17
[   61.237732] wlan: [2564:I:TIF] init_deinit_update_pdev_tgt_info: CDP PDEV INIT success
[   61.247343] wlan: [2564:I:ANY] init_deinit_update_pdev_tgt_info: pdev id:1 wmi_handle:ffffffc0759fc800
[   61.255779] wlan: [2564:F:DP] dp_rx_enable_mon_dest_frag: Feature DP_RX_MON_MEM_FRAG for mon_dest is enabled
[   61.271837] wlan: [2564:I:ANY] init_deinit_update_pdev_tgt_info: Pdev = 1 Number of peers = 529 vdevs = 17
[   61.274399] wlan: [2564:I:TIF] init_deinit_update_pdev_tgt_info: CDP PDEV INIT success
[   61.384289] wlan: [2564:I:ANY] copy_fw_abi_version_tlv: copy_fw_abi_version_tlv: INIT_CMD version: 1, 0, 0x5f414351, 0x4c4d, 0x0, 0x0
[   61.584686] wlan: [2564:I:ANY] ready_extract_init_status_tlv: ready_extract_init_status_tlv:0
[   61.584715] wlan: [2564:I:ANY] dp_peer_map_attach_wifi3: dp_peer_map_attach_wifi3 max_peers 1109, max_ast_index: 4112
[   61.584715] 
[   61.592376] wlan: [2585:I:ANY] ol_ath_connect_htc: WMI is ready
[   61.604301] wlan: [2585:I:ANY] ol_ath_soc_attach: connect HTC
[   61.609972] wlan: [2585:I:ANY] ol_ath_soc_attach: bypasswmi : 0
[   61.615897] wlan: [2585:I:MSCS] qca_mscs_module_init: 
[   61.615897] ****QCA MSCS Initialization Done**** SoC ffffffc074680880
[   61.621616] wlan: [2585:I:ANY] ol_ath_soc_attach: UMAC attach
[   61.633472] wlan: [2585:I:ANY] __ol_ath_attach: pdev_netdev name wifi0
[   61.639072] wlan: [2585:I:ANY] __ol_ath_attach: Skip txrx_pdev_attach_target
[   61.646062] wlan: [2585:I:ANY] __ol_ath_attach: BURSTING enabled by default
[   61.652738] wlan: [2585:I:ANY] ol_ath_pdev_attach: interface_id 0
[   61.659377] wlan: [2585:I:TIF] ol_ath_pdev_regdmn_init:  phy id = 0 Modes supported
[   61.665624] wlan: [2585:I:TIF] ol_ath_pdev_regdmn_init:  11b = 0 11g = 0 11a = 1 11n = 1 11ac = 1 11ax = 1
[   61.673090] wlan: [2585:I:TIF] ol_ath_pdev_regdmn_init:  Reg cap - phy_id = 0 supp_bnd = 2, modes = f97f9001, lo_2g = 0, hi_2g = 0 lo_g5 = 5150, hi_5g = 5850
[   61.682823] wlan: [2585:I:ANY] ol_ath_update_wireless_modes: wireless_modes = f97f9001 before update
[   61.696962] wlan: [2585:I:ANY] ol_ath_update_wireless_modes: Wireless_modes = f97f9001 after update
[   61.706164] wlan: [2585:I:ANY] ol_ath_update_ext_caps: 11ax 5G supported case
[   61.714975] wlan: [2585:I:MBSSIE] ol_ath_assign_mbssid_ref_bssid: MBSSID reference bssid is 02:03:7f:12:2b:51 soc: soc0 pdev: wifi0
[   61.722292] wlan: [2585:I:MBSSIE] ieee80211_mbss_attach: :>
[   61.733848] wlan: [2585:I:MBSSIE] ieee80211_mbss_attach: :<
[   61.739404] wlan: [2585:I:ANY] ol_resmgr_create: OL Resmgr Init-ed
[   61.745089] wlan: [2585:I:ANY] acfg_attach: acfg_attach: 3288: Netlink socket created:ffffffc07633f000
[   61.751216] wlan: [2585:I:ANY] ol_ath_stats_attach: periodic_chan_stats: 1
[   61.761484] wlan: [2585:I:ANY] wlan_scan_update_channel_list: num_chan: 25
[   61.767394] wlan: [0:I:ANY] ol_ath_pdev_attach: Set global_ic[1], ptr:ffffffbffd2aefe8
[   61.774220] wlan: [0:I:ANY] dp_lag_soc_enable: pdev(ffffffc0759fdc08) Enabling DBDC Repeater 0 
[   61.782116] wlan: [0:I:ANY] dp_lag_pdev_set_primary_radio: pdev(ffffffc0759fdc08) is_primary 0 
[   61.790959] wlan: [0:I:ANY] ol_ath_twt_enable_complete_event_handler: twt enabled
[   61.792120] wlan: [2585:I:ANY] ol_ath_ucfg_set_rx_pkt_protocol_tagging: Set RX packet type TAG, opcode : 0, pkt_type : 18, metadata : 0xca0,pdev_id = 0, REO dest ring = 5
[   61.792120] 
[   61.792149] wlan: [2585:I:ANY] ol_ath_pri20_cfg_blockchanlist_parse: cfg block channel list is empty
[   61.792158] wlan: [2585:I:ANY] ol_ath_configure_cong_ctrl_max_msdus: pdev_idx = 0 tx_desc_limit = 32768
[   61.792176] wlan: [2585:I:ANY] osif_wrap_attach: osif wrap attached
[   61.792176] 
[   61.792180] wlan: [2585:I:ANY] osif_wrap_devt_init: osif wrap dev table init done
[   61.792180] 
[   61.792186] wlan: [2585:I:ANY] osif_wrap_attach:  Wrap Attached: Wrap_com =ffffffc075f57800 ic->ic_wrap_com=ffffffc075f57800 &wrap_com->wc_devt=ffffffc075f57800 
[   61.792186] 
[   61.792210] wlan: [2585:I:ANY] __ol_ath_attach: needed_headroom reservation 60
[   61.792407] wlan: [2585:I:ANY] ieee80211_cfg80211_radio_attach: ic: 0xffffffc06f4e0880, wdev: 0xffffffc06f4f8ad0, wiphy: 0xffffffc06c7e92a0, netdev: 0xffffffc06f4e0000 
[   61.792826] wlan: [2585:I:ANY] __ol_ath_attach: pdev_netdev name wifi1
[   61.792844] wlan: [2585:I:ANY] __ol_ath_attach: Skip txrx_pdev_attach_target
[   61.793430] wlan: [2585:I:ANY] __ol_ath_attach: BURSTING enabled by default
[   61.793475] wlan: [2585:I:ANY] ol_ath_pdev_attach: interface_id 1
[   61.793486] wlan: [2585:I:TIF] ol_ath_pdev_regdmn_init:  phy id = 1 Modes supported
[   61.793491] wlan: [2585:I:TIF] ol_ath_pdev_regdmn_init:  11b = 1 11g = 1 11a = 0 11n = 1 11ac = 1 11ax = 1
[   61.793498] wlan: [2585:I:TIF] ol_ath_pdev_regdmn_init:  Reg cap - phy_id = 1 supp_bnd = 1, modes = 680680c, lo_2g = 2312, hi_2g = 2732 lo_g5 = 0, hi_5g = 0
[   61.793502] wlan: [2585:I:ANY] ol_ath_update_wireless_modes: wireless_modes = 680680c before update
[   61.793507] wlan: [2585:I:ANY] ol_ath_update_wireless_modes: Wireless_modes = 680680c after update
[   61.793512] wlan: [2585:I:ANY] ol_ath_update_ext_caps: 11ax 2G supported case
[   61.793540] wlan: [2585:I:ANY] ol_ath_pdev_regdmn_init: LDPC not supported in 5G HE CAP
[   61.793562] wlan: [2585:I:MBSSIE] ol_ath_assign_mbssid_ref_bssid: MBSSID reference bssid is 02:03:7f:12:33:39 soc: soc0 pdev: wifi1
[   61.793618] wlan: [2585:I:MBSSIE] ieee80211_mbss_attach: :>
[   61.793622] wlan: [2585:I:MBSSIE] ieee80211_mbss_attach: :<
[   61.793627] wlan: [2585:I:ANY] ol_resmgr_create: OL Resmgr Init-ed
[   61.793741] wlan: [2585:I:ANY] acfg_attach: Offload using existing sock ffffffc07633f000
[   61.793749] wlan: [2585:I:ANY] ol_ath_stats_attach: periodic_chan_stats: 1
[   61.793926] wlan: [2585:I:ANY] wlan_scan_update_channel_list: num_chan: 11
[   61.793955] wlan: [0:I:ANY] ol_ath_pdev_attach: Set global_ic[2], ptr:ffffffbffd2aefe8
[   61.793964] wlan: [0:I:ANY] dp_lag_soc_enable: pdev(ffffffc0759fe008) Enabling DBDC Repeater 0 
[   61.793972] wlan: [0:I:ANY] dp_lag_pdev_set_primary_radio: pdev(ffffffc0759fe008) is_primary 0 
[   61.795387] wlan: [2585:I:ANY] ol_ath_ucfg_set_rx_pkt_protocol_tagging: Set RX packet type TAG, opcode : 0, pkt_type : 18, metadata : 0xca0,pdev_id = 1, REO dest ring = 5
[   61.795387] 
[   61.795415] wlan: [2585:I:ANY] ol_ath_pri20_cfg_blockchanlist_parse: cfg block channel list is empty
[   61.795422] wlan: [2585:I:ANY] ol_ath_configure_cong_ctrl_max_msdus: pdev_idx = 1 tx_desc_limit = 32768
[   61.795440] wlan: [2585:I:ANY] osif_wrap_attach: osif wrap attached
[   61.795440] 
[   61.795445] wlan: [2585:I:ANY] osif_wrap_devt_init: osif wrap dev table init done
[   61.795445] 
[   61.795450] wlan: [2585:I:ANY] osif_wrap_attach:  Wrap Attached: Wrap_com =ffffffc06c2d6000 ic->ic_wrap_com=ffffffc06c2d6000 &wrap_com->wc_devt=ffffffc06c2d6000 
[   61.795450] 
[   61.795473] wlan: [2585:I:ANY] __ol_ath_attach: needed_headroom reservation 60
[   61.795490] wlan: [2585:I:ANY] wlan_cfg80211_init: Number of 2G channels: 11 
[   61.795616] wlan: [2585:I:ANY] ieee80211_cfg80211_radio_attach: ic: 0xffffffc06f5e0880, wdev: 0xffffffc06f5f8ad0, wiphy: 0xffffffc06c7ecaa0, netdev: 0xffffffc06f5e0000 
[   61.795989] wlan: [2585:I:Dynamic Mode Change] ol_ath_check_and_reconfig_hw_mode: Running with HW mode = 1
[   61.796174] wlan: [2585:E:QLD] qld_register: Handle or address is NULL
[   61.796194] wlan: [2585:I:ANY] wlan_pdev_operation: num_radios=1, wifi_radios[0].sc = ffffffc06f4e0880_radio_type = 2
[   61.796199] wlan: [2585:I:ANY] wlan_pdev_operation: num_radios=2, wifi_radios[1].sc = ffffffc06f5e0880_radio_type = 2
[   61.796386] wlan: [2585:I:ANY] ol_ath_wifi_ssr: ol_ath_wifi_ssr: SSR event 2 bus_type 0
[   61.796430] cnss_pci 0000:01:00.0: BAR 0: assigned [mem 0x20400000-0x205fffff 64bit]
[   61.796940] cnss[27]: ERR: Unable to create CNSS MHI IPC log context
[   62.216596] wlan: [0:I:ANY] ol_ath_twt_enable_complete_event_handler: twt enabled
[   62.388655] wlan: [2585:I:ANY] ol_ath_wifi_ssr: ol_ath_wifi_ssr: SSR event 3 bus_type 0
[   62.388698] cnss[27]: INFO: Waiting for FW ready. Device: 0x1104, FW ready timeout: 15 seconds
[   62.395658] cnss[27]: INFO: QMI WLFW service connected, state: 0x11
[   62.404592] cnss[27]: INFO: device_id : 4356 mem mode : [0]
[   62.410305] cnss[27]: INFO: platform name: Qualcomm Technologies, Inc. IPQ807x/AP-HK14
[   62.420202] cnss[27]: INFO: Target capability: chip_id: 0x0, chip_family: 0x0, board_id: 0xff, soc_id: 0xffffffff, fw_version: 0x240c7fff, fw_build_timestamp: 2021-05-24 20:30, otp_version: 0x0 eeprom_caldata_read_timeout 0s
[   62.424927] cnss[27]: INFO: Downloading BDF: qcn9000/bdwlan.ba4, size: 131072
[   62.460756] cnss[27]: INFO: Downloading BDF: qcn9000/caldata_1.bin, size: 131072
[   62.504261] cnss[27]: INFO: FW ready received for device 0x1104
[   62.505498] cnss[27]: INFO: Sending mode message, mode: MISSION(0), state: 0x17
[   62.530177] wlan: [2585:I:ANY] qca_napi_create: qca_napi_create: napi instance 0 created on pipe 4
[   62.530382] wlan: [2585:I:ANY] __ol_ath_attach: Allocated soc ffffffc06ad80880
[   62.538278] wlan: [2585:D:dfs] WLAN_DEBUG_DFS1 : dfs_psoc_obj_create_notification: DFS obj attach to psoc successfully
[   62.545937] wlan: [2585:E:QDF] CONFIG creation failed
[   62.556310] wlan: [2585:I:ANY] osif_nss_wifi_soc_setup: nss register id -1 nss config 0 Target Type 1a 
[   62.561319] wlan: [2585:I:ANY] __ol_ath_attach: dev name soc1
[   62.570782] wlan: [2585:I:ANY] ol_ath_soc_attach: WMI attached. wmi_handle ffffffc074a90800 
[   62.585588] wlan: [2585:I:MBSSIE] ol_ath_sanitize_ema_vendor_ie_config: vendor_ie_size: 0 ven_ie_size_nibble: 3
[   62.585622] wlan: [2585:I:MBSSIE] ol_ath_sanitize_ema_vendor_ie_config: vendor_ie_size: 0 ven_ie_size_nibble: 3
[   62.594820] wlan: [2585:I:MBSSIE] ol_ath_sanitize_ema_vendor_ie_config: vendor_ie_size: 0 ven_ie_size_nibble: 3
[   62.604892] wlan: [2585:I:MBSSIE] ol_ath_sanitize_ema_vendor_ie_config: vendor_ie_size: 0 ven_ie_size_nibble: 3
[   62.614963] wlan: [2585:I:MBSSIE] ol_ath_sanitize_ema_vendor_ie_config: vendor_ie_size: 0 ven_ie_size_nibble: 3
[   62.625034] wlan: [2585:I:MBSSIE] ol_ath_sanitize_ema_vendor_ie_config: vendor_ie_size: 0 ven_ie_size_nibble: 3
[   62.635137] wlan: [2585:I:MBSSIE] ol_ath_sanitize_ema_vendor_ie_config: vendor_ie_size: 0 ven_ie_size_nibble: 3
[   62.645154] wlan: [2585:I:MBSSIE] ol_ath_sanitize_ema_vendor_ie_config: vendor_ie_size: 0 ven_ie_size_nibble: 3
[   62.655146] wlan: [2585:I:MBSSIE] ol_ath_sanitize_ema_vendor_ie_config: vendor_ie_size: 0 ven_ie_size_nibble: 3
[   62.665195] wlan: [2585:I:MBSSIE] ol_ath_sanitize_ema_vendor_ie_config: vendor_ie_size: 0 ven_ie_size_nibble: 3
[   62.675370] wlan: [2585:I:MBSSIE] ol_ath_sanitize_ema_vendor_ie_config: vendor_ie_size: 0 ven_ie_size_nibble: 3
[   62.685375] wlan: [2585:I:MBSSIE] ol_ath_sanitize_ema_vendor_ie_config: vendor_ie_size: 0 ven_ie_size_nibble: 3
[   62.695511] wlan: [2585:I:MBSSIE] ol_ath_sanitize_ema_vendor_ie_config: vendor_ie_size: 0 ven_ie_size_nibble: 3
[   62.705562] wlan: [2585:I:MBSSIE] ol_ath_sanitize_ema_vendor_ie_config: vendor_ie_size: 0 ven_ie_size_nibble: 3
[   62.715603] wlan: [2585:I:MBSSIE] ol_ath_sanitize_ema_vendor_ie_config: vendor_ie_size: 0 ven_ie_size_nibble: 3
[   62.725674] wlan: [2585:I:ANY] htc_wmi_init: HT Create . ffffffc069829000
[   62.735678] wlan: [2585:I:ANY] htc_wmi_init: Skipping BMI Done
[   62.742678] wlan: [2585:I:ANY] htc_wmi_init: host_enable 0 nss_nwifi_offload 0
[   62.750991] wlan: [2585:F:ANY] dp_config_full_mon_mode: Configure full monitor mode val: 1 
[   62.770374] wlan: [2585:I:ANY] ol_target_init_complete: CDP soc attach success
[   62.770407] wlan: [2585:I:ANY] ol_target_init_complete: Soc attach success NSS config 0 
[   62.776629] wlan: [2585:I:ANY] htc_set_async_ep: htc_set_async_ep: htc_handle ffffffc069829000, ep 2, value 1
[   62.785757] wlan: [2320:I:TIF] HE_CAP Info = 9a08010d
[   62.794559] wlan: [2320:I:TIF] Num HW modes = 1
[   62.799573] wlan: [2320:I:TIF] Num PHY = 1
[   62.803913] wlan: [2320:I:TIF] FW Build Version (Ext.) = 199
[   62.808088] wlan: [2320:I:TIF] HDL Version: MajorVersion.MinorVersion = 7.3
[   62.813901] wlan: [2320:I:TIF] Preferred HW Mode = 0 Num Radios = 1
[   62.820606] wlan: [2320:W:TIF] add_11ax_mode_flags: 11AX wireless modes are not populated by the target in reg capabilities, adding 11AX wireless modes
[   62.826854] wlan: [2320:I:TIF] init_deinit_add_11ax_modes: hw_mode_id = 0 phy_id = 0 wireless modes = 0
[   62.841376] wlan: [2320:I:TIF] init_deinit_alloc_pdevs: CDP PDEV ATTACH success
[   62.849761] wlan: [2320:I:TIF] init_deinit_get_total_num_ema_vaps: num_radios: 1
[   62.857050] wlan: [2320:I:TIF] init_deinit_get_total_num_ema_vaps: ema_max_vap_cnt: 0
[   62.864689] wlan: [2320:I:TIF] init_deinit_get_total_num_vdevs_for_soc: num_vdevs: 17
[   62.872412] wlan: [2320:I:TIF] init_deinit_get_total_num_ema_vaps: num_radios: 1
[   62.880227] wlan: [2320:I:TIF] init_deinit_get_total_num_ema_vaps: ema_max_vap_cnt: 0
[   62.887692] wlan: [2320:I:TIF] init_deinit_get_total_num_vdevs_for_soc: num_vdevs: 17
[   62.895419] wlan: [2320:I:TIF] init_deinit_get_total_beaconing_vdevs_for_soc: beacon_tx_offload_max_vdev: 16
[   62.903229] wlan: [2320:I:TIF] init_deinit_get_total_num_ema_vaps: num_radios: 1
[   62.913125] wlan: [2320:I:TIF] init_deinit_get_total_num_ema_vaps: ema_max_vap_cnt: 0
[   62.920504] wlan: [2320:I:TIF] init_deinit_get_total_num_vdevs_for_soc: num_vdevs: 17
[   62.928231] wlan: [2320:I:TIF] init_deinit_get_total_num_ema_vaps: num_radios: 1
[   62.936040] wlan: [2320:I:TIF] init_deinit_get_total_num_ema_vaps: ema_max_vap_cnt: 0
[   62.943502] wlan: [2320:I:TIF] init_deinit_get_total_num_vdevs_for_soc: num_vdevs: 17
[   62.951236] wlan: [2320:I:ANY] init_deinit_update_pdev_tgt_info: pdev id:0 wmi_handle:ffffffc074a90800
[   62.959820] wlan: [2320:F:DP] dp_rx_enable_mon_dest_frag: Feature DP_RX_MON_MEM_FRAG for mon_dest is enabled
[   62.975842] wlan: [2320:I:ANY] init_deinit_update_pdev_tgt_info: Pdev = 0 Number of peers = 529 vdevs = 17
[   62.978230] wlan: [2320:I:TIF] init_deinit_update_pdev_tgt_info: CDP PDEV INIT success
[   63.087913] wlan: [2320:I:ANY] copy_fw_abi_version_tlv: copy_fw_abi_version_tlv: INIT_CMD version: 1, 0, 0x5f414351, 0x4c4d, 0x0, 0x0
[   63.443017] wlan: [2320:I:ANY] ready_extract_init_status_tlv: ready_extract_init_status_tlv:0
[   63.443048] wlan: [2320:E:TIF] init_deinit_ready_event_handler: Host Requested 529 peers. FW Supports 273 peers
[   63.450531] wlan: [2320:I:ANY] dp_peer_map_attach_wifi3: dp_peer_map_attach_wifi3 max_peers 307, max_ast_index: 1040
[   63.450531] 
[   63.460487] wlan: [2585:I:ANY] ol_ath_connect_htc: WMI is ready
[   63.472647] wlan: [2585:I:ANY] ol_ath_soc_attach: connect HTC
[   63.478295] wlan: [2585:I:ANY] ol_ath_soc_attach: bypasswmi : 0
[   63.484215] wlan: [2585:I:MSCS] qca_mscs_module_init: 
[   63.484215] ****QCA MSCS Initialization Done**** SoC ffffffc06ad80880
[   63.489933] wlan: [2585:I:ANY] ol_ath_soc_attach: UMAC attach
[   63.501756] wlan: [2585:I:ANY] __ol_ath_attach: pdev_netdev name wifi2
[   63.507437] wlan: [2585:I:ANY] __ol_ath_attach: Skip txrx_pdev_attach_target
[   63.514391] wlan: [2585:I:ANY] __ol_ath_attach: BURSTING enabled by default
[   63.521049] wlan: [2585:I:ANY] ol_ath_pdev_attach: interface_id 2
[   63.527693] wlan: [2585:I:TIF] ol_ath_pdev_regdmn_init:  phy id = 0 Modes supported
[   63.533936] wlan: [2585:I:TIF] ol_ath_pdev_regdmn_init:  11b = 0 11g = 0 11a = 1 11n = 1 11ac = 1 11ax = 1
[   63.541410] wlan: [2585:I:TIF] ol_ath_pdev_regdmn_init:  Reg cap - phy_id = 0 supp_bnd = 2, modes = f9000000, lo_2g = 0, hi_2g = 0 lo_g5 = 6105, hi_5g = 7105
[   63.551140] wlan: [2585:I:ANY] ol_ath_update_wireless_modes: wireless_modes = f9000000 before update
[   63.565279] wlan: [2585:I:ANY] ol_ath_update_wireless_modes: Wireless_modes = f9000000 after update
[   63.574483] wlan: [2585:I:ANY] ol_ath_update_ext_caps: 11ax 5G supported case
[   63.583287] wlan: [2585:I:MBSSIE] ol_ath_assign_mbssid_ref_bssid: MBSSID reference bssid is 7a:67:0e:33:2f:68 soc: soc1 pdev: wifi2
[   63.590594] wlan: [2585:I:MBSSIE] ieee80211_mbss_attach: :>
[   63.602165] wlan: [2585:I:MBSSIE] ieee80211_mbss_attach: :<
[   63.607721] wlan: [2585:I:ANY] ol_resmgr_create: OL Resmgr Init-ed
[   63.613383] wlan: [2585:I:ANY] acfg_attach: acfg_attach: Offload using existing sock ffffffc07633f000
[   63.619533] wlan: [2585:I:ANY] acfg_attach: Offload using existing sock ffffffc07633f000
[   63.619533] 
[   63.628825] wlan: [2585:I:ANY] ol_ath_stats_attach: periodic_chan_stats: 1
[   63.638849] wlan: [2585:I:ANY] wlan_scan_update_channel_list: num_chan: 50
[   63.645195] wlan: [0:I:ANY] ol_ath_pdev_attach: Set global_ic[3], ptr:ffffffbffd2aefe8
[   63.651994] wlan: [0:I:ANY] dp_lag_soc_enable: pdev(ffffffc06bfd3c08) Enabling DBDC Repeater 0 
[   63.659957] wlan: [0:I:ANY] dp_lag_pdev_set_primary_radio: pdev(ffffffc06bfd3c08) is_primary 0 
[   63.669172] wlan: [0:I:ANY] ol_ath_twt_enable_complete_event_handler: twt enabled
[   63.670754] wlan: [2585:I:ANY] ol_ath_ucfg_set_rx_pkt_protocol_tagging: Set RX packet type TAG, opcode : 0, pkt_type : 18, metadata : 0xca0,pdev_id = 0, REO dest ring = 5
[   63.670754] 
[   63.670818] wlan: [2585:I:ANY] ol_ath_pri20_cfg_blockchanlist_parse: cfg block channel list is empty
[   63.670827] wlan: [2585:I:ANY] ol_ath_configure_cong_ctrl_max_msdus: pdev_idx = 0 tx_desc_limit = 32768
[   63.670842] wlan: [2585:I:ANY] osif_wrap_attach: osif wrap attached
[   63.670842] 
[   63.670847] wlan: [2585:I:ANY] osif_wrap_devt_init: osif wrap dev table init done
[   63.670847] 
[   63.670852] wlan: [2585:I:ANY] osif_wrap_attach:  Wrap Attached: Wrap_com =ffffffc06b348800 ic->ic_wrap_com=ffffffc06b348800 &wrap_com->wc_devt=ffffffc06b348800 
[   63.670852] 
[   63.670875] wlan: [2585:I:ANY] __ol_ath_attach: needed_headroom reservation 60
[   63.671078] wlan: [2585:I:ANY] ieee80211_cfg80211_radio_attach: ic: 0xffffffc069420880, wdev: 0xffffffc069438ad0, wiphy: 0xffffffc06ad2eaa0, netdev: 0xffffffc069420000 
[   63.671556] wlan: [2585:I:Dynamic Mode Change] ol_ath_check_and_reconfig_hw_mode: Running with HW mode = 0
[   63.671773] wlan: [2585:E:QLD] qld_register: Handle or address is NULL
[   63.671794] wlan: [2585:I:ANY] wlan_pdev_operation: num_radios=3, wifi_radios[2].sc = ffffffc069420880_radio_type = 2
[   63.671802] Event 0x3 is registered for RC 0
[   63.671867] wlan: [2585:I:ANY] init_ath_pci_3_0: 6ath_ol_pci_wifi3.0 :  (Atheros/multi-bss)
[   63.833806] wlan: [2932:I:ANY] osif_nss_register_module: NSS wifi ops registered for target_type:0 with soc_ops:ffffffbffd892fc8
[   63.834245] wlan: [2932:I:ANY] init_ath_pci_2_0: 6ath_ol_pci_2_0:  (Atheros/multi-bss)
No Direct-Attach chipsets found.
[   67.307350] wlan: [3363:I:ANY] ol_ath_wifi_ssr: ol_ath_wifi_ssr: SSR event 0 bus_type 1
[   67.307402] wlan: [3363:I:ANY] ol_ath_ahb_remove: Suspending Target - with disable_intr set :soc0 (sc ffffffc075a10000) soc=ffffffc074680880
[   67.314245] wlan: [3363:I:ANY] wlan_pdev_operation: disable_target_intr val is 1
[   67.328159] wlan: [3363:I:ANY] wlan_pdev_operation: disable_target_intr val is 1
[   67.334446] wlan: [3363:I:ANY] ol_ath_ahb_remove: waiting for target paused event from target :soc0 (sc ffffffc075a10000)
[   67.341834] wlan: [3363:I:ANY] ol_ath_ahb_remove: AHB Call to nss detach 
[   67.353620] wlan: [3363:I:ANY] ol_ath_ahb_remove: Call to nss detach ops 0000000000000000 
[   67.359428] wlan: [3363:E:QLD] qld_register: Handle or address is NULL
[   67.367651] wlan: [3363:I:ANY] osif_wrap_devt_detach: osif wrap dev table detached
[   67.367651] 
[   67.375062] wlan: [3363:I:ANY] osif_wrap_detach: osif wrap detached
[   67.375062] 
[   67.408129] wlan: [3363:E:CFR] tgt_cfr_deinit_pdev: Error occurred with exit code 16
[   67.408129] 
[   67.408164] wlan: [3363:E:CFR] cfr_deinitialize_pdev: cfr_deinitialize_pdev status=16
[   67.408164] 
[   67.416430] wlan: [3363:I:ANY] wlan_pdev_operation: soc_txrx_handle ffffffc075a28000 dp_pdev id 0
[   67.427304] wlan: [3363:I:ANY] wlan_pdev_operation: soc_txrx_handle ffffffc075a28000 dp_pdev id 1
[   67.435366] wlan: [3363:I:MBSSIE] ieee80211_mbss_detach: :>
[   67.443462] wlan: [3363:I:MBSSIE] ieee80211_mbss_detach: :<
[   67.449720] wlan: [3363:E:CFR] tgt_cfr_deinit_pdev: Error occurred with exit code 16
[   67.449720] 
[   67.454288] wlan: [3363:E:CFR] cfr_deinitialize_pdev: cfr_deinitialize_pdev status=16
[   67.454288] 
[   67.463665] wlan: [0:I:ANY] ol_ath_pdev_detach: remove global_ic[2]..gloabl_ic ptr:ffffffbffd2aefe8
[   67.474063] wlan: [3363:I:ANY] ieee80211_cfg80211_radio_detach: ieee80211_cfg80211_radio_detach: ic: 0xffffffc06f4e0880, wdev: 0xffffffc06f4f8ad0, netdev: 0xffffffc06f4e0000 
[   67.644313] PCIe: User of event deregistration is NULL
[   67.684354] wlan: [3363:E:QLD] qld_register: Handle or address is NULL
[   67.684467] wlan: [3363:I:ANY] osif_wrap_devt_detach: osif wrap dev table detached
[   67.684467] 
[   67.689797] wlan: [3363:I:ANY] osif_wrap_detach: osif wrap detached
[   67.689797] 
[   67.699756] wlan: [3363:E:CFR] tgt_cfr_deinit_pdev: Error occurred with exit code 16
[   67.699756] 
[   67.706739] wlan: [3363:E:CFR] cfr_deinitialize_pdev: cfr_deinitialize_pdev status=16
[   67.706739] 
[   67.715855] wlan: [3363:I:ANY] wlan_pdev_operation: soc_txrx_handle ffffffc075a28000 dp_pdev id 1
[   67.726069] wlan: [3363:I:MBSSIE] ieee80211_mbss_detach: :>
[   67.733980] wlan: [3363:I:MBSSIE] ieee80211_mbss_detach: :<
[   67.739383] wlan: [3363:E:CFR] tgt_cfr_deinit_pdev: Error occurred with exit code 16
[   67.739383] 
[   67.744929] wlan: [3363:E:CFR] cfr_deinitialize_pdev: cfr_deinitialize_pdev status=16
[   67.744929] 
[   67.755266] wlan: [0:I:ANY] ol_ath_pdev_detach: remove global_ic[1]..gloabl_ic ptr:ffffffbffd2aefe8
[   67.763504] wlan: [3363:I:ANY] ieee80211_cfg80211_radio_detach: ieee80211_cfg80211_radio_detach: ic: 0xffffffc06f5e0880, wdev: 0xffffffc06f5f8ad0, netdev: 0xffffffc06f5e0000 
[   67.904303] PCIe: User of event deregistration is NULL
[   68.014364] wlan: [3363:I:ANY] ol_ath_phyerr_detach: 6ol_ath_phyerr_detach: called
[   68.014399] wlan: [3363:E:WMI] wmi_unified_unregister_event_handler: Event id 55 is unavailable
[   68.020861] wlan: [3363:I:MSCS] qca_mscs_module_deinit: 
[   68.020861] ****QCA MSCS De-Initialization Done**** SoC ffffffc074680880
[   68.030606] wlan: [3363:E:WMI] wmi_unified_unregister_event_handler: Event id 141 is unavailable
[   68.041698] wlan: [3363:E:WMI] wmi_unified_unregister_event_handler: Event id 137 is unavailable
[   68.057678] cnss[2]: INFO: Sending mode message, mode: OFF(4), state: 0x7
[   68.061192] cnss[2]: INFO: QMI WLFW service disconnected, state: 0x6
[   68.061466] wlan: [3363:I:ANY] 6ath_ahb_remove
[   68.061466] 
[   68.088468] remoteproc remoteproc0: stopped remote processor cd00000.qcom_q6v5_wcss
[   68.088525] wlan: [3363:I:ANY] ol_ath_wifi_ssr: ol_ath_wifi_ssr: SSR event 1 bus_type 1
[   68.154230] wlan: [3363:I:ANY] ol_ath_wifi_ssr: ol_ath_wifi_ssr: SSR event 0 bus_type 0
[   68.154271] wlan: [3363:I:ANY] ol_ath_pci_remove: 6Suspending Target - with disable_intr set :soc1 (sc ffffffc06b3d4000)
[   68.161056] wlan: [3363:I:ANY] wlan_pdev_operation: disable_target_intr val is 1
[   68.173184] wlan: [3363:I:ANY] ol_ath_pci_remove: 6waiting for target paused event from target :soc1 (sc ffffffc06b3d4000)
[   68.179695] wlan: [3363:E:QLD] qld_register: Handle or address is NULL
[   68.190630] wlan: [3363:I:ANY] osif_wrap_devt_detach: osif wrap dev table detached
[   68.190630] 
[   68.198046] wlan: [3363:I:ANY] osif_wrap_detach: osif wrap detached
[   68.198046] 
[   68.218605] wlan: [3363:I:ANY] wlan_pdev_operation: soc_txrx_handle ffffffc06ad40000 dp_pdev id 0
[   68.219470] wlan: [3363:I:MBSSIE] ieee80211_mbss_detach: :>
[   68.227509] wlan: [3363:I:MBSSIE] ieee80211_mbss_detach: :<
[   68.231912] wlan: [3363:I:ANY] acfg_detach: acfg_detach Netlink socket released
[   68.237489] wlan: [3363:E:CFR] cfr_enh_deinit_pdev: Failed to register with dbr
[   68.244747] wlan: [3363:E:CFR] tgt_cfr_deinit_pdev: Error occurred with exit code 16
[   68.244747] 
[   68.252963] wlan: [3363:E:CFR] cfr_deinitialize_pdev: cfr_deinitialize_pdev status=16
[   68.252963] 
[   68.261381] wlan: [0:I:ANY] ol_ath_pdev_detach: remove global_ic[0]..gloabl_ic ptr:ffffffbffd2aefe8
[   68.270754] wlan: [3363:I:ANY] ieee80211_cfg80211_radio_detach: ieee80211_cfg80211_radio_detach: ic: 0xffffffc069420880, wdev: 0xffffffc069438ad0, netdev: 0xffffffc069420000 
[   68.404311] Event is deregistered for RC 0
[   68.504322] wlan: [3363:I:ANY] ol_ath_phyerr_detach: 6ol_ath_phyerr_detach: called
[   68.504356] wlan: [3363:E:WMI] wmi_unified_unregister_event_handler: Event id 55 is unavailable
[   68.510809] wlan: [3363:I:MSCS] qca_mscs_module_deinit: 
[   68.510809] ****QCA MSCS De-Initialization Done**** SoC ffffffc06ad80880
[   68.519564] wlan: [3363:E:WMI] wmi_unified_unregister_event_handler: Event id 141 is unavailable
[   68.532672] wlan: [3363:E:WMI] wmi_unified_unregister_event_handler: Event id 137 is unavailable
[   68.546316] cnss[27]: INFO: Sending mode message, mode: OFF(4), state: 0x127
[   68.551545] cnss[27]: INFO: QMI WLFW service disconnected, state: 0x126
[   68.551699] wlan: [3363:I:ANY] 6ath_pci_remove
[   68.551699] 
[   68.551708] cnss[27]: INFO: Shutting down QCN9000
[   68.551865] Removing device for chan:LOOPBACK
[   68.551869] mhi_reset_data_chan rp           (null) wp           (null)
[   68.551873] mhi_reset_data_chan rp           (null) wp           (null)
[   68.551972] Removing device for chan:DIAG
[   68.551975] mhi_reset_data_chan rp ffffff800bd1a000 wp ffffff800bd1a120
[   68.552002] mhi_reset_data_chan rp ffffff800bd18000 wp ffffff800bd18000
[   68.552039] Removing device for chan:IPCR
[   68.552041] mhi_reset_data_chan rp ffffff800bd1e0b0 wp ffffff800bd1e0a0
[   68.552162] mhi_reset_data_chan rp ffffff800bd1c070 wp ffffff800bd1c070
[   68.574313] wlan: [3363:I:ANY] ol_ath_wifi_ssr: ol_ath_wifi_ssr: SSR event 1 bus_type 0
[   68.737095] wlan: [3437:I:RPTR] qca_multi_link_deinit_module: 
[   68.737095] ******QCA RPtr De-Init Done***********
[   68.737095] 
[   68.930037] configuring additional NSS pbufs
[   68.954910] additional pbufs of size 10002432 got added to NSS
[   69.108451] wlan: [3529:I:RPTR] qca_multi_link_init_module: 
[   69.108451] ******QCA Repeater Initialization Done***********
[   69.108451] 
[   69.148606] cnss[27]: INFO: Setting daemon_support=1 for instance_id 0x27
[   69.168939] cnss[2]: INFO: Setting daemon_support=1 for instance_id 0x2
[   69.176254] cnss[27]: INFO: Setting cold_boot_support=1 for instance_id 0x27
[   69.196752] cnss[2]: INFO: Setting cold_boot_support=1 for instance_id 0x2
******Not the first boot. Skip coldboot calibration*****
[   69.258776] wlan: [3630:I:ANY] =======ol_if_register_wifi3_0==========
[   69.258776] 
[   69.258811] wlan: [3630:I:ANY] osif_nss_register_module: NSS wifi ops registered for target_type:1 with soc_ops:ffffffbffdbbfa68
[   69.265621] wlan: [3630:I:ANY] ol_ath_wifi_ssr: ol_ath_wifi_ssr: SSR event 2 bus_type 1
[   69.277412] remoteproc remoteproc0: powering up cd00000.qcom_q6v5_wcss
[   69.285201] remoteproc remoteproc0: Booting fw image IPQ8074/q6_fw.mdt, size 668
[   69.647560] Subsystem error monitoring/handling services are up
[   69.647853] remoteproc remoteproc0: remote processor cd00000.qcom_q6v5_wcss is now up
[   69.648294] rpmsg_dev_probe: No pm domain
[   69.648435] rpmsg_dev_probe: No pm domain
[   69.649290] cnss[2]: INFO: QMI WLFW service connected, state: 0x1
[   69.649575] cnss[2]: INFO: device_id : 65534 mem mode : [0]
[   69.654490] cnss[2]: INFO: platform name: Qualcomm Technologies, Inc. IPQ807x/AP-HK14
[   69.654490] cnss[2]: INFO: Target capability: chip_id: 0x0, chip_family: 0x0, board_id: 0xff, soc_id: 0xffffffff, fw_version: 0x240604a5, fw_build_timestamp: 2021-07-12 19:41, otp_version: 0x0 eeprom_caldata_read_timeout 0s
[   69.654500] cnss[2]: INFO: Boardid from dts:294,FW:ff
[   69.654683] cnss[2]: INFO: BDF location : 0x4b0c0000
[   69.654685] cnss[2]: INFO: BDF IPQ8074/bdwlan.b294 size 131072
[   69.655079] cnss[2]: INFO: per device BDF location : 0x4b0e0000
[   69.655134] cnss[2]: INFO: CALDATA IPQ8074/caldata.bin size 131072 offset 0x20000
[   69.729064] wlan: [3630:I:ANY] ol_ath_wifi_ssr: ol_ath_wifi_ssr: SSR event 3 bus_type 1
[   69.736676] cnss[2]: INFO: Waiting for FW ready. Device: 0xfffe, FW ready timeout: 15 seconds
[   69.744477] cnss[2]: INFO: FW ready received for device 0xfffe
[   69.753529] wlan: [3630:I:ANY] pld_ahb_wlan_enable: cnss_mode: Mission mode 
[   69.759109] cnss[2]: INFO: Sending mode message, mode: MISSION(0), state: 0x7
[   69.775106] wlan: [3630:I:ANY] qca_napi_create: qca_napi_create: napi instance 0 created on pipe 4
[   69.775305] wlan: [3630:I:ANY] __ol_ath_attach: Allocated soc ffffffc06c480880
[   69.782995] wlan: [3630:D:dfs] WLAN_DEBUG_DFS1 : dfs_psoc_obj_create_notification: DFS obj attach to psoc successfully
[   69.790583] wlan: [3630:I:ANY] osif_nss_wifi_soc_setup: nss-wifili:#1 register wifili function for soc 
[   69.800842] wlan: [3630:I:ANY] osif_nss_wifi_soc_setup: nss register id -1 nss config 7 Target Type 18 
[   69.810137] wlan: [3630:I:ANY] __ol_ath_attach: dev name soc0
[   69.819650] wlan: [3630:I:ANY] ol_ath_soc_attach: WMI attached. wmi_handle ffffffc067641000 
[   69.827405] wlan: [3630:I:MBSSIE] ol_ath_sanitize_ema_vendor_ie_config: vendor_ie_size: 0 ven_ie_size_nibble: 3
[   69.833909] wlan: [3630:I:MBSSIE] ol_ath_sanitize_ema_vendor_ie_config: vendor_ie_size: 0 ven_ie_size_nibble: 3
[   69.843745] wlan: [3630:I:MBSSIE] ol_ath_sanitize_ema_vendor_ie_config: vendor_ie_size: 0 ven_ie_size_nibble: 3
[   69.853810] wlan: [3630:I:MBSSIE] ol_ath_sanitize_ema_vendor_ie_config: vendor_ie_size: 0 ven_ie_size_nibble: 3
[   69.863861] wlan: [3630:I:MBSSIE] ol_ath_sanitize_ema_vendor_ie_config: vendor_ie_size: 0 ven_ie_size_nibble: 3
[   69.873929] wlan: [3630:I:MBSSIE] ol_ath_sanitize_ema_vendor_ie_config: vendor_ie_size: 0 ven_ie_size_nibble: 3
[   69.883998] wlan: [3630:I:MBSSIE] ol_ath_sanitize_ema_vendor_ie_config: vendor_ie_size: 0 ven_ie_size_nibble: 3
[   69.894069] wlan: [3630:I:MBSSIE] ol_ath_sanitize_ema_vendor_ie_config: vendor_ie_size: 0 ven_ie_size_nibble: 3
[   69.904137] wlan: [3630:I:MBSSIE] ol_ath_sanitize_ema_vendor_ie_config: vendor_ie_size: 0 ven_ie_size_nibble: 3
[   69.914209] wlan: [3630:I:MBSSIE] ol_ath_sanitize_ema_vendor_ie_config: vendor_ie_size: 0 ven_ie_size_nibble: 3
[   69.924276] wlan: [3630:I:MBSSIE] ol_ath_sanitize_ema_vendor_ie_config: vendor_ie_size: 0 ven_ie_size_nibble: 3
[   69.934346] wlan: [3630:I:MBSSIE] ol_ath_sanitize_ema_vendor_ie_config: vendor_ie_size: 0 ven_ie_size_nibble: 3
[   69.944415] wlan: [3630:I:MBSSIE] ol_ath_sanitize_ema_vendor_ie_config: vendor_ie_size: 0 ven_ie_size_nibble: 3
[   69.954485] wlan: [3630:I:MBSSIE] ol_ath_sanitize_ema_vendor_ie_config: vendor_ie_size: 0 ven_ie_size_nibble: 3
[   69.964553] wlan: [3630:I:MBSSIE] ol_ath_sanitize_ema_vendor_ie_config: vendor_ie_size: 0 ven_ie_size_nibble: 3
[   69.974647] wlan: [3630:I:ANY] htc_wmi_init: HT Create . ffffffc067c63000
[   69.984701] wlan: [3630:I:ANY] htc_wmi_init: Skipping BMI Done
[   69.991625] wlan: [3630:I:ANY] htc_wmi_init: host_enable 0 nss_nwifi_offload 0
[   70.002525] wlan: [3630:I:ANY] ol_target_init_complete: CDP soc attach success
[   70.004597] wlan: [3630:I:ANY] ol_target_init_complete: Soc attach success NSS config 0 
[   70.011814] wlan: [3630:I:ANY] htc_set_async_ep: htc_set_async_ep: htc_handle ffffffc067c63000, ep 2, value 1
[   70.020063] wlan: [3630:I:ANY] htc_set_async_ep: htc_set_async_ep: htc_handle ffffffc067c63000, ep 3, value 1
[   70.030277] wlan: [2320:I:TIF] HE_CAP Info = 9a18010d
[   70.039762] wlan: [2320:I:TIF] Num HW modes = 1
[   70.044808] wlan: [2320:I:TIF] Num PHY = 2
[   70.050113] wlan: [2320:I:TIF] FW Build Version (Ext.) = 0
[   70.053270] wlan: [2320:I:TIF] HDL Version: MajorVersion.MinorVersion = 0.0
[   70.058749] wlan: [2320:I:TIF] Preferred HW Mode = 1 Num Radios = 2
[   70.065638] wlan: [2320:I:TIF] init_deinit_add_11ax_modes: hw_mode_id = 1 phy_id = 0 wireless modes = f97f9001
[   70.072877] wlan: [2320:I:TIF] init_deinit_add_11ax_modes: hw_mode_id = 1 phy_id = 1 wireless modes = 680688c
[   70.082763] wlan: [2320:I:TIF] init_deinit_alloc_pdevs: CDP PDEV ATTACH success
[   70.092617] wlan: [2320:I:TIF] init_deinit_alloc_pdevs: CDP PDEV ATTACH success
[   70.100002] wlan: [2320:I:TIF] init_deinit_get_total_num_ema_vaps: num_radios: 2
[   70.106334] wlan: [2320:I:TIF] init_deinit_get_total_num_ema_vaps: ema_max_vap_cnt: 0
[   70.113963] wlan: [2320:I:TIF] init_deinit_get_total_num_vdevs_for_soc: num_vdevs: 34
[   70.122659] wlan: [2320:I:TIF] init_deinit_get_total_num_ema_vaps: num_radios: 2
[   70.129559] wlan: [2320:I:TIF] init_deinit_get_total_num_ema_vaps: ema_max_vap_cnt: 0
[   70.136960] wlan: [2320:I:TIF] init_deinit_get_total_num_vdevs_for_soc: num_vdevs: 34
[   70.144712] wlan: [2320:I:TIF] init_deinit_get_total_beaconing_vdevs_for_soc: beacon_tx_offload_max_vdev: 32
[   70.153469] wlan: [2320:I:TIF] init_deinit_get_total_num_ema_vaps: num_radios: 2
[   70.162400] wlan: [2320:I:TIF] init_deinit_get_total_num_ema_vaps: ema_max_vap_cnt: 0
[   70.169793] wlan: [2320:I:TIF] init_deinit_get_total_num_vdevs_for_soc: num_vdevs: 34
[   70.178478] wlan: [2320:I:TIF] init_deinit_get_total_num_ema_vaps: num_radios: 1
[   70.185353] wlan: [2320:I:TIF] init_deinit_get_total_num_ema_vaps: ema_max_vap_cnt: 0
[   70.192781] wlan: [2320:I:TIF] init_deinit_get_total_num_vdevs_for_soc: num_vdevs: 17
[   70.201477] wlan: [2320:I:ANY] init_deinit_update_pdev_tgt_info: pdev id:0 wmi_handle:ffffffc067641000
[   70.208678] wlan: [2320:F:DP] dp_rx_enable_mon_dest_frag: Feature DP_RX_MON_MEM_FRAG for mon_dest is enabled
[   70.219255] wlan: [2320:I:ANY] init_deinit_update_pdev_tgt_info: Pdev = 0 Number of peers = 529 vdevs = 17
[   70.228626] wlan: [2320:I:TIF] init_deinit_update_pdev_tgt_info: CDP PDEV INIT success
[   70.237089] wlan: [2320:I:ANY] init_deinit_update_pdev_tgt_info: pdev id:1 wmi_handle:ffffffc06bfd2000
[   70.245260] wlan: [2320:F:DP] dp_rx_enable_mon_dest_frag: Feature DP_RX_MON_MEM_FRAG for mon_dest is enabled
[   70.256804] wlan: [2320:I:ANY] init_deinit_update_pdev_tgt_info: Pdev = 1 Number of peers = 529 vdevs = 17
[   70.264153] wlan: [2320:I:TIF] init_deinit_update_pdev_tgt_info: CDP PDEV INIT success
[   70.376578] wlan: [2320:I:ANY] copy_fw_abi_version_tlv: copy_fw_abi_version_tlv: INIT_CMD version: 1, 0, 0x5f414351, 0x4c4d, 0x0, 0x0
[   70.577943] wlan: [2320:I:ANY] ready_extract_init_status_tlv: ready_extract_init_status_tlv:0
[   70.577974] wlan: [2320:I:ANY] dp_peer_map_attach_wifi3: dp_peer_map_attach_wifi3 max_peers 1109, max_ast_index: 4112
[   70.577974] 
[   70.585663] wlan: [3630:I:ANY] ol_ath_connect_htc: WMI is ready
[   70.640874] wlan: [3630:I:ANY] ath_get_radio_index: Error: Could not match the device name : wifi%d
[   70.640908] wlan: [3630:E:NSS] [nss-wifili]: pdev:ffffffc074a60880 radio_ifnum:28 scheme_id:0 radio_priority:1 
[   70.653916] wlan: [3630:E:TIF] target_if_lro_hash_config: pdev with id 0 is NULL
[   70.658875] wlan: [3630:I:ANY] ath_get_radio_index: Error: Could not match the device name : wifi%d
[   70.666438] wlan: [3630:E:NSS] [nss-wifili]: pdev:ffffffc06b820880 radio_ifnum:29 scheme_id:1 radio_priority:0 
[   70.680369] wlan: [3630:E:TIF] target_if_lro_hash_config: pdev with id 1 is NULL
[   70.685559] wlan: [3630:I:ANY] ol_ath_soc_attach: connect HTC
[   70.692899] wlan: [3630:I:ANY] ol_ath_soc_attach: bypasswmi : 0
[   70.698569] wlan: [3630:I:MSCS] qca_mscs_module_init: 
[   70.698569] ****QCA MSCS Initialization Done**** SoC ffffffc06c480880
[   70.704285] wlan: [3630:I:ANY] ol_ath_soc_attach: UMAC attach
[   70.716145] wlan: [3630:I:ANY] __ol_ath_attach: pdev_netdev name wifi0
[   70.721733] wlan: [3630:I:ANY] __ol_ath_attach: Skip txrx_pdev_attach_target
[   70.728749] wlan: [3630:I:ANY] __ol_ath_attach: BURSTING enabled by default
[   70.735403] wlan: [3630:I:ANY] ol_ath_pdev_attach: interface_id 0
[   70.742038] wlan: [3630:I:TIF] ol_ath_pdev_regdmn_init:  phy id = 0 Modes supported
[   70.748323] wlan: [3630:I:TIF] ol_ath_pdev_regdmn_init:  11b = 0 11g = 0 11a = 1 11n = 1 11ac = 1 11ax = 1
[   70.755762] wlan: [3630:I:TIF] ol_ath_pdev_regdmn_init:  Reg cap - phy_id = 0 supp_bnd = 2, modes = f97f9001, lo_2g = 0, hi_2g = 0 lo_g5 = 5150, hi_5g = 5850
[   70.765489] wlan: [3630:I:ANY] ol_ath_update_wireless_modes: wireless_modes = f97f9001 before update
[   70.779629] wlan: [3630:I:ANY] ol_ath_update_wireless_modes: Wireless_modes = f97f9001 after update
[   70.788831] wlan: [3630:I:ANY] ol_ath_update_ext_caps: 11ax 5G supported case
[   70.797644] wlan: [3630:I:MBSSIE] ol_ath_assign_mbssid_ref_bssid: MBSSID reference bssid is 02:03:7f:12:99:eb soc: soc0 pdev: wifi0
[   70.804961] wlan: [3630:I:MBSSIE] ieee80211_mbss_attach: :>
[   70.816515] wlan: [3630:I:MBSSIE] ieee80211_mbss_attach: :<
[   70.822066] wlan: [3630:I:ANY] ol_resmgr_create: OL Resmgr Init-ed
[   70.827749] wlan: [3630:I:ANY] acfg_attach: acfg_attach: 3288: Netlink socket created:ffffffc075a24800
[   70.833883] wlan: [3630:I:ANY] ol_ath_stats_attach: periodic_chan_stats: 1
[   70.844172] wlan: [3630:I:ANY] wlan_scan_update_channel_list: num_chan: 25
[   70.850062] wlan: [0:I:ANY] ol_ath_pdev_attach: Set global_ic[1], ptr:ffffffbffda9cfe8
[   70.856885] wlan: [0:I:ANY] dp_lag_soc_enable: pdev(ffffffc07633fc08) Enabling DBDC Repeater 0 
[   70.864805] wlan: [0:I:ANY] dp_lag_pdev_set_primary_radio: pdev(ffffffc07633fc08) is_primary 0 
[   70.864822] wlan: [0:E:NSS] [nss-wifili]: NSS Wifili DBDC Repeater enable message passed
[   70.882298] wlan: [0:I:ANY] ol_ath_twt_enable_complete_event_handler: twt enabled
[   70.883540] wlan: [3630:I:ANY] ol_ath_ucfg_set_rx_pkt_protocol_tagging: Set RX packet type TAG, opcode : 0, pkt_type : 18, metadata : 0xca0,pdev_id = 0, REO dest ring = 5
[   70.883540] 
[   70.883571] wlan: [3630:I:ANY] ol_ath_pri20_cfg_blockchanlist_parse: cfg block channel list is empty
[   70.883581] wlan: [3630:I:ANY] ol_ath_configure_cong_ctrl_max_msdus: pdev_idx = 0 tx_desc_limit = 32768
[   70.883596] wlan: [3630:I:ANY] osif_wrap_attach: osif wrap attached
[   70.883596] 
[   70.883600] wlan: [3630:I:ANY] osif_wrap_devt_init: osif wrap dev table init done
[   70.883600] 
[   70.883606] wlan: [3630:I:ANY] osif_wrap_attach:  Wrap Attached: Wrap_com =ffffffc075a25c00 ic->ic_wrap_com=ffffffc075a25c00 &wrap_com->wc_devt=ffffffc075a25c00 
[   70.883606] 
[   70.883628] wlan: [3630:I:ANY] __ol_ath_attach: needed_headroom reservation 60
[   70.883634] wlan: [3630:I:ANY] ol_ath_enable_fraglist: Enabled Fraglist bit for the radio wifi0 features 41 
[   70.883835] wlan: [3630:I:ANY] ieee80211_cfg80211_radio_attach: ic: 0xffffffc074a60880, wdev: 0xffffffc074a78ad0, wiphy: 0xffffffc067c34aa0, netdev: 0xffffffc074a60000 
[   70.884325] wlan: [3630:I:ANY] __ol_ath_attach: pdev_netdev name wifi1
[   70.884342] wlan: [3630:I:ANY] __ol_ath_attach: Skip txrx_pdev_attach_target
[   70.884927] wlan: [3630:I:ANY] __ol_ath_attach: BURSTING enabled by default
[   70.884968] wlan: [3630:I:ANY] ol_ath_pdev_attach: interface_id 1
[   70.884980] wlan: [3630:I:TIF] ol_ath_pdev_regdmn_init:  phy id = 1 Modes supported
[   70.884986] wlan: [3630:I:TIF] ol_ath_pdev_regdmn_init:  11b = 1 11g = 1 11a = 0 11n = 1 11ac = 1 11ax = 1
[   70.885022] wlan: [3630:I:TIF] ol_ath_pdev_regdmn_init:  Reg cap - phy_id = 1 supp_bnd = 1, modes = 680680c, lo_2g = 2312, hi_2g = 2732 lo_g5 = 0, hi_5g = 0
[   70.885026] wlan: [3630:I:ANY] ol_ath_update_wireless_modes: wireless_modes = 680680c before update
[   70.885031] wlan: [3630:I:ANY] ol_ath_update_wireless_modes: Wireless_modes = 680680c after update
[   70.885038] wlan: [3630:I:ANY] ol_ath_update_ext_caps: 11ax 2G supported case
[   70.885068] wlan: [3630:I:ANY] ol_ath_pdev_regdmn_init: LDPC not supported in 5G HE CAP
[   70.885092] wlan: [3630:I:MBSSIE] ol_ath_assign_mbssid_ref_bssid: MBSSID reference bssid is 02:03:7f:12:dd:ee soc: soc0 pdev: wifi1
[   70.885149] wlan: [3630:I:MBSSIE] ieee80211_mbss_attach: :>
[   70.885153] wlan: [3630:I:MBSSIE] ieee80211_mbss_attach: :<
[   70.885158] wlan: [3630:I:ANY] ol_resmgr_create: OL Resmgr Init-ed
[   70.885268] wlan: [3630:I:ANY] acfg_attach: Offload using existing sock ffffffc075a24800
[   70.885277] wlan: [3630:I:ANY] ol_ath_stats_attach: periodic_chan_stats: 1
[   70.885450] wlan: [3630:I:ANY] wlan_scan_update_channel_list: num_chan: 11
[   70.885478] wlan: [0:I:ANY] ol_ath_pdev_attach: Set global_ic[2], ptr:ffffffbffda9cfe8
[   70.885485] wlan: [0:I:ANY] dp_lag_soc_enable: pdev(ffffffc06bfd0c08) Enabling DBDC Repeater 0 
[   70.885511] wlan: [0:I:ANY] dp_lag_pdev_set_primary_radio: pdev(ffffffc06bfd0c08) is_primary 0 
[   70.886964] wlan: [3630:I:ANY] ol_ath_ucfg_set_rx_pkt_protocol_tagging: Set RX packet type TAG, opcode : 0, pkt_type : 18, metadata : 0xca0,pdev_id = 1, REO dest ring = 5
[   70.886964] 
[   70.887006] wlan: [3630:I:ANY] ol_ath_pri20_cfg_blockchanlist_parse: cfg block channel list is empty
[   70.887015] wlan: [3630:I:ANY] ol_ath_configure_cong_ctrl_max_msdus: pdev_idx = 1 tx_desc_limit = 32768
[   70.887030] wlan: [3630:I:ANY] osif_wrap_attach: osif wrap attached
[   70.887030] 
[   70.887035] wlan: [3630:I:ANY] osif_wrap_devt_init: osif wrap dev table init done
[   70.887035] 
[   70.887040] wlan: [3630:I:ANY] osif_wrap_attach:  Wrap Attached: Wrap_com =ffffffc075a26800 ic->ic_wrap_com=ffffffc075a26800 &wrap_com->wc_devt=ffffffc075a26800 
[   70.887040] 
[   70.887062] wlan: [3630:I:ANY] __ol_ath_attach: needed_headroom reservation 60
[   70.887068] wlan: [3630:I:ANY] ol_ath_enable_fraglist: Enabled Fraglist bit for the radio wifi1 features 41 
[   70.887086] wlan: [3630:I:ANY] wlan_cfg80211_init: Number of 2G channels: 11 
[   70.887220] wlan: [3630:I:ANY] ieee80211_cfg80211_radio_attach: ic: 0xffffffc06b820880, wdev: 0xffffffc06b838ad0, wiphy: 0xffffffc0700c2aa0, netdev: 0xffffffc06b820000 
[   70.887619] wlan: [3630:I:Dynamic Mode Change] ol_ath_check_and_reconfig_hw_mode: Running with HW mode = 1
[   70.887807] wlan: [3630:E:QLD] qld_register: Handle or address is NULL
[   70.887829] wlan: [3630:I:ANY] wlan_pdev_operation: num_radios=1, wifi_radios[0].sc = ffffffc074a60880_radio_type = 2
[   70.887834] wlan: [3630:I:ANY] wlan_pdev_operation: num_radios=2, wifi_radios[1].sc = ffffffc06b820880_radio_type = 2
[   70.888011] wlan: [3630:I:ANY] ol_ath_wifi_ssr: ol_ath_wifi_ssr: SSR event 2 bus_type 0
[   70.888053] cnss_pci 0000:01:00.0: BAR 0: assigned [mem 0x20400000-0x205fffff 64bit]
[   70.888561] cnss[27]: ERR: Unable to create CNSS MHI IPC log context
[   71.324575] wlan: [0:E:NSS] [nss-wifili]: NSS Wifili DBDC Repeater enable message passed
[   71.332418] wlan: [0:I:ANY] ol_ath_twt_enable_complete_event_handler: twt enabled
